Archive member included to satisfy reference by file (symbol)

/Applications/STM32CubeIDE.app/Contents/Eclipse/plugins/com.st.stm32cube.ide.mcu.externaltools.gnu-tools-for-stm32.10.3-2021.10.macos64_1.0.0.202111181127/tools/bin/../lib/gcc/arm-none-eabi/10.3.1/../../../../arm-none-eabi/lib/thumb/v7e-m+fp/hard/libc_nano.a(lib_a-errno.o)
                              ./Core/Src/syscalls.o (__errno)
/Applications/STM32CubeIDE.app/Contents/Eclipse/plugins/com.st.stm32cube.ide.mcu.externaltools.gnu-tools-for-stm32.10.3-2021.10.macos64_1.0.0.202111181127/tools/bin/../lib/gcc/arm-none-eabi/10.3.1/../../../../arm-none-eabi/lib/thumb/v7e-m+fp/hard/libc_nano.a(lib_a-exit.o)
                              /Applications/STM32CubeIDE.app/Contents/Eclipse/plugins/com.st.stm32cube.ide.mcu.externaltools.gnu-tools-for-stm32.10.3-2021.10.macos64_1.0.0.202111181127/tools/bin/../lib/gcc/arm-none-eabi/10.3.1/../../../../arm-none-eabi/lib/thumb/v7e-m+fp/hard/crt0.o (exit)
/Applications/STM32CubeIDE.app/Contents/Eclipse/plugins/com.st.stm32cube.ide.mcu.externaltools.gnu-tools-for-stm32.10.3-2021.10.macos64_1.0.0.202111181127/tools/bin/../lib/gcc/arm-none-eabi/10.3.1/../../../../arm-none-eabi/lib/thumb/v7e-m+fp/hard/libc_nano.a(lib_a-impure.o)
                              /Applications/STM32CubeIDE.app/Contents/Eclipse/plugins/com.st.stm32cube.ide.mcu.externaltools.gnu-tools-for-stm32.10.3-2021.10.macos64_1.0.0.202111181127/tools/bin/../lib/gcc/arm-none-eabi/10.3.1/../../../../arm-none-eabi/lib/thumb/v7e-m+fp/hard/libc_nano.a(lib_a-exit.o) (_global_impure_ptr)
/Applications/STM32CubeIDE.app/Contents/Eclipse/plugins/com.st.stm32cube.ide.mcu.externaltools.gnu-tools-for-stm32.10.3-2021.10.macos64_1.0.0.202111181127/tools/bin/../lib/gcc/arm-none-eabi/10.3.1/../../../../arm-none-eabi/lib/thumb/v7e-m+fp/hard/libc_nano.a(lib_a-init.o)
                              /Applications/STM32CubeIDE.app/Contents/Eclipse/plugins/com.st.stm32cube.ide.mcu.externaltools.gnu-tools-for-stm32.10.3-2021.10.macos64_1.0.0.202111181127/tools/bin/../lib/gcc/arm-none-eabi/10.3.1/../../../../arm-none-eabi/lib/thumb/v7e-m+fp/hard/crt0.o (__libc_init_array)
/Applications/STM32CubeIDE.app/Contents/Eclipse/plugins/com.st.stm32cube.ide.mcu.externaltools.gnu-tools-for-stm32.10.3-2021.10.macos64_1.0.0.202111181127/tools/bin/../lib/gcc/arm-none-eabi/10.3.1/../../../../arm-none-eabi/lib/thumb/v7e-m+fp/hard/libc_nano.a(lib_a-memset.o)
                              /Applications/STM32CubeIDE.app/Contents/Eclipse/plugins/com.st.stm32cube.ide.mcu.externaltools.gnu-tools-for-stm32.10.3-2021.10.macos64_1.0.0.202111181127/tools/bin/../lib/gcc/arm-none-eabi/10.3.1/../../../../arm-none-eabi/lib/thumb/v7e-m+fp/hard/crt0.o (memset)
/Applications/STM32CubeIDE.app/Contents/Eclipse/plugins/com.st.stm32cube.ide.mcu.externaltools.gnu-tools-for-stm32.10.3-2021.10.macos64_1.0.0.202111181127/tools/bin/../lib/gcc/arm-none-eabi/10.3.1/thumb/v7e-m+fp/hard/libgcc.a(_aeabi_uldivmod.o)
                              ./Drivers/STM32F4xx_HAL_Driver/Src/stm32f4xx_hal_rcc.o (__aeabi_uldivmod)
/Applications/STM32CubeIDE.app/Contents/Eclipse/plugins/com.st.stm32cube.ide.mcu.externaltools.gnu-tools-for-stm32.10.3-2021.10.macos64_1.0.0.202111181127/tools/bin/../lib/gcc/arm-none-eabi/10.3.1/thumb/v7e-m+fp/hard/libgcc.a(_udivmoddi4.o)
                              /Applications/STM32CubeIDE.app/Contents/Eclipse/plugins/com.st.stm32cube.ide.mcu.externaltools.gnu-tools-for-stm32.10.3-2021.10.macos64_1.0.0.202111181127/tools/bin/../lib/gcc/arm-none-eabi/10.3.1/thumb/v7e-m+fp/hard/libgcc.a(_aeabi_uldivmod.o) (__udivmoddi4)
/Applications/STM32CubeIDE.app/Contents/Eclipse/plugins/com.st.stm32cube.ide.mcu.externaltools.gnu-tools-for-stm32.10.3-2021.10.macos64_1.0.0.202111181127/tools/bin/../lib/gcc/arm-none-eabi/10.3.1/thumb/v7e-m+fp/hard/libgcc.a(_dvmd_tls.o)
                              /Applications/STM32CubeIDE.app/Contents/Eclipse/plugins/com.st.stm32cube.ide.mcu.externaltools.gnu-tools-for-stm32.10.3-2021.10.macos64_1.0.0.202111181127/tools/bin/../lib/gcc/arm-none-eabi/10.3.1/thumb/v7e-m+fp/hard/libgcc.a(_aeabi_uldivmod.o) (__aeabi_ldiv0)

Discarded input sections

 .text          0x0000000000000000        0x0 /Applications/STM32CubeIDE.app/Contents/Eclipse/plugins/com.st.stm32cube.ide.mcu.externaltools.gnu-tools-for-stm32.10.3-2021.10.macos64_1.0.0.202111181127/tools/bin/../lib/gcc/arm-none-eabi/10.3.1/thumb/v7e-m+fp/hard/crti.o
 .data          0x0000000000000000        0x0 /Applications/STM32CubeIDE.app/Contents/Eclipse/plugins/com.st.stm32cube.ide.mcu.externaltools.gnu-tools-for-stm32.10.3-2021.10.macos64_1.0.0.202111181127/tools/bin/../lib/gcc/arm-none-eabi/10.3.1/thumb/v7e-m+fp/hard/crti.o
 .bss           0x0000000000000000        0x0 /Applications/STM32CubeIDE.app/Contents/Eclipse/plugins/com.st.stm32cube.ide.mcu.externaltools.gnu-tools-for-stm32.10.3-2021.10.macos64_1.0.0.202111181127/tools/bin/../lib/gcc/arm-none-eabi/10.3.1/thumb/v7e-m+fp/hard/crti.o
[...]
Memory Configuration

Name             Origin             Length             Attributes
RAM              0x0000000020000000 0x0000000000018000 xrw
FLASH            0x0000000008000000 0x0000000000060000 xr
*default*        0x0000000000000000 0xffffffffffffffff

Linker script and memory map

LOAD /Applications/STM32CubeIDE.app/Contents/Eclipse/plugins/com.st.stm32cube.ide.mcu.externaltools.gnu-tools-for-stm32.10.3-2021.10.macos64_1.0.0.202111181127/tools/bin/../lib/gcc/arm-none-eabi/10.3.1/thumb/v7e-m+fp/hard/crti.o
LOAD /Applications/STM32CubeIDE.app/Contents/Eclipse/plugins/com.st.stm32cube.ide.mcu.externaltools.gnu-tools-for-stm32.10.3-2021.10.macos64_1.0.0.202111181127/tools/bin/../lib/gcc/arm-none-eabi/10.3.1/thumb/v7e-m+fp/hard/crtbegin.o
LOAD /Applications/STM32CubeIDE.app/Contents/Eclipse/plugins/com.st.stm32cube.ide.mcu.externaltools.gnu-tools-for-stm32.10.3-2021.10.macos64_1.0.0.202111181127/tools/bin/../lib/gcc/arm-none-eabi/10.3.1/../../../../arm-none-eabi/lib/thumb/v7e-m+fp/hard/crt0.o
LOAD ./Core/Src/main.o
LOAD ./Core/Src/motors.o
LOAD ./Core/Src/stm32f4xx_hal_msp.o
LOAD ./Core/Src/stm32f4xx_it.o
LOAD ./Core/Src/syscalls.o
LOAD ./Core/Src/sysmem.o
LOAD ./Core/Src/system_stm32f4xx.o
LOAD ./Core/Startup/startup_stm32f401cdux.o
LOAD ./Drivers/STM32F4xx_HAL_Driver/Src/stm32f4xx_hal.o
LOAD ./Drivers/STM32F4xx_HAL_Driver/Src/stm32f4xx_hal_cortex.o
LOAD ./Drivers/STM32F4xx_HAL_Driver/Src/stm32f4xx_hal_dma.o
LOAD ./Drivers/STM32F4xx_HAL_Driver/Src/stm32f4xx_hal_dma_ex.o
LOAD ./Drivers/STM32F4xx_HAL_Driver/Src/stm32f4xx_hal_exti.o
LOAD ./Drivers/STM32F4xx_HAL_Driver/Src/stm32f4xx_hal_flash.o
LOAD ./Drivers/STM32F4xx_HAL_Driver/Src/stm32f4xx_hal_flash_ex.o
LOAD ./Drivers/STM32F4xx_HAL_Driver/Src/stm32f4xx_hal_flash_ramfunc.o
LOAD ./Drivers/STM32F4xx_HAL_Driver/Src/stm32f4xx_hal_gpio.o
LOAD ./Drivers/STM32F4xx_HAL_Driver/Src/stm32f4xx_hal_i2c.o
LOAD ./Drivers/STM32F4xx_HAL_Driver/Src/stm32f4xx_hal_i2c_ex.o
LOAD ./Drivers/STM32F4xx_HAL_Driver/Src/stm32f4xx_hal_pcd.o
LOAD ./Drivers/STM32F4xx_HAL_Driver/Src/stm32f4xx_hal_pcd_ex.o
LOAD ./Drivers/STM32F4xx_HAL_Driver/Src/stm32f4xx_hal_pwr.o
LOAD ./Drivers/STM32F4xx_HAL_Driver/Src/stm32f4xx_hal_pwr_ex.o
LOAD ./Drivers/STM32F4xx_HAL_Driver/Src/stm32f4xx_hal_rcc.o
LOAD ./Drivers/STM32F4xx_HAL_Driver/Src/stm32f4xx_hal_rcc_ex.o
LOAD ./Drivers/STM32F4xx_HAL_Driver/Src/stm32f4xx_hal_tim.o
LOAD ./Drivers/STM32F4xx_HAL_Driver/Src/stm32f4xx_hal_tim_ex.o
LOAD ./Drivers/STM32F4xx_HAL_Driver/Src/stm32f4xx_ll_usb.o
LOAD ./Middlewares/ST/STM32_USB_Device_Library/Class/CDC/Src/usbd_cdc.o
LOAD ./Middlewares/ST/STM32_USB_Device_Library/Core/Src/usbd_core.o
LOAD ./Middlewares/ST/STM32_USB_Device_Library/Core/Src/usbd_ctlreq.o
LOAD ./Middlewares/ST/STM32_USB_Device_Library/Core/Src/usbd_ioreq.o
LOAD ./USB_DEVICE/App/usb_device.o
LOAD ./USB_DEVICE/App/usbd_cdc_if.o
LOAD ./USB_DEVICE/App/usbd_desc.o
LOAD ./USB_DEVICE/Target/usbd_conf.o
START GROUP
LOAD /Applications/STM32CubeIDE.app/Contents/Eclipse/plugins/com.st.stm32cube.ide.mcu.externaltools.gnu-tools-for-stm32.10.3-2021.10.macos64_1.0.0.202111181127/tools/bin/../lib/gcc/arm-none-eabi/10.3.1/../../../../arm-none-eabi/lib/thumb/v7e-m+fp/hard/libc_nano.a
LOAD /Applications/STM32CubeIDE.app/Contents/Eclipse/plugins/com.st.stm32cube.ide.mcu.externaltools.gnu-tools-for-stm32.10.3-2021.10.macos64_1.0.0.202111181127/tools/bin/../lib/gcc/arm-none-eabi/10.3.1/../../../../arm-none-eabi/lib/thumb/v7e-m+fp/hard/libm.a
END GROUP
START GROUP
LOAD /Applications/STM32CubeIDE.app/Contents/Eclipse/plugins/com.st.stm32cube.ide.mcu.externaltools.gnu-tools-for-stm32.10.3-2021.10.macos64_1.0.0.202111181127/tools/bin/../lib/gcc/arm-none-eabi/10.3.1/thumb/v7e-m+fp/hard/libgcc.a
LOAD /Applications/STM32CubeIDE.app/Contents/Eclipse/plugins/com.st.stm32cube.ide.mcu.externaltools.gnu-tools-for-stm32.10.3-2021.10.macos64_1.0.0.202111181127/tools/bin/../lib/gcc/arm-none-eabi/10.3.1/../../../../arm-none-eabi/lib/thumb/v7e-m+fp/hard/libc_nano.a
END GROUP
START GROUP
LOAD /Applications/STM32CubeIDE.app/Contents/Eclipse/plugins/com.st.stm32cube.ide.mcu.externaltools.gnu-tools-for-stm32.10.3-2021.10.macos64_1.0.0.202111181127/tools/bin/../lib/gcc/arm-none-eabi/10.3.1/thumb/v7e-m+fp/hard/libgcc.a
LOAD /Applications/STM32CubeIDE.app/Contents/Eclipse/plugins/com.st.stm32cube.ide.mcu.externaltools.gnu-tools-for-stm32.10.3-2021.10.macos64_1.0.0.202111181127/tools/bin/../lib/gcc/arm-none-eabi/10.3.1/../../../../arm-none-eabi/lib/thumb/v7e-m+fp/hard/libc_nano.a
LOAD /Applications/STM32CubeIDE.app/Contents/Eclipse/plugins/com.st.stm32cube.ide.mcu.externaltools.gnu-tools-for-stm32.10.3-2021.10.macos64_1.0.0.202111181127/tools/bin/../lib/gcc/arm-none-eabi/10.3.1/../../../../arm-none-eabi/lib/thumb/v7e-m+fp/hard/libnosys.a
END GROUP
START GROUP
LOAD /Applications/STM32CubeIDE.app/Contents/Eclipse/plugins/com.st.stm32cube.ide.mcu.externaltools.gnu-tools-for-stm32.10.3-2021.10.macos64_1.0.0.202111181127/tools/bin/../lib/gcc/arm-none-eabi/10.3.1/thumb/v7e-m+fp/hard/libgcc.a
LOAD /Applications/STM32CubeIDE.app/Contents/Eclipse/plugins/com.st.stm32cube.ide.mcu.externaltools.gnu-tools-for-stm32.10.3-2021.10.macos64_1.0.0.202111181127/tools/bin/../lib/gcc/arm-none-eabi/10.3.1/../../../../arm-none-eabi/lib/thumb/v7e-m+fp/hard/libc_nano.a
LOAD /Applications/STM32CubeIDE.app/Contents/Eclipse/plugins/com.st.stm32cube.ide.mcu.externaltools.gnu-tools-for-stm32.10.3-2021.10.macos64_1.0.0.202111181127/tools/bin/../lib/gcc/arm-none-eabi/10.3.1/../../../../arm-none-eabi/lib/thumb/v7e-m+fp/hard/libnosys.a
END GROUP
LOAD /Applications/STM32CubeIDE.app/Contents/Eclipse/plugins/com.st.stm32cube.ide.mcu.externaltools.gnu-tools-for-stm32.10.3-2021.10.macos64_1.0.0.202111181127/tools/bin/../lib/gcc/arm-none-eabi/10.3.1/thumb/v7e-m+fp/hard/crtend.o
LOAD /Applications/STM32CubeIDE.app/Contents/Eclipse/plugins/com.st.stm32cube.ide.mcu.externaltools.gnu-tools-for-stm32.10.3-2021.10.macos64_1.0.0.202111181127/tools/bin/../lib/gcc/arm-none-eabi/10.3.1/thumb/v7e-m+fp/hard/crtn.o
                0x0000000020018000                _estack = (ORIGIN (RAM) + LENGTH (RAM))
                0x0000000000000200                _Min_Heap_Size = 0x200
                0x0000000000000400                _Min_Stack_Size = 0x400

.isr_vector     0x0000000008000000      0x194
                0x0000000008000000                . = ALIGN (0x4)
 *(.isr_vector)
 .isr_vector    0x0000000008000000      0x194 ./Core/Startup/startup_stm32f401cdux.o
                0x0000000008000000                g_pfnVectors
                0x0000000008000194                . = ALIGN (0x4)

.text           0x0000000008000194     0x7164
                0x0000000008000194                . = ALIGN (0x4)
 *(.text)
 .text          0x0000000008000194       0x40 /Applications/STM32CubeIDE.app/Contents/Eclipse/plugins/com.st.stm32cube.ide.mcu.externaltools.gnu-tools-for-stm32.10.3-2021.10.macos64_1.0.0.202111181127/tools/bin/../lib/gcc/arm-none-eabi/10.3.1/thumb/v7e-m+fp/hard/crtbegin.o
 .text          0x00000000080001d4       0x30 /Applications/STM32CubeIDE.app/Contents/Eclipse/plugins/com.st.stm32cube.ide.mcu.externaltools.gnu-tools-for-stm32.10.3-2021.10.macos64_1.0.0.202111181127/tools/bin/../lib/gcc/arm-none-eabi/10.3.1/thumb/v7e-m+fp/hard/libgcc.a(_aeabi_uldivmod.o)
                0x00000000080001d4                __aeabi_uldivmod
 .text          0x0000000008000204      0x2d0 /Applications/STM32CubeIDE.app/Contents/Eclipse/plugins/com.st.stm32cube.ide.mcu.externaltools.gnu-tools-for-stm32.10.3-2021.10.macos64_1.0.0.202111181127/tools/bin/../lib/gcc/arm-none-eabi/10.3.1/thumb/v7e-m+fp/hard/libgcc.a(_udivmoddi4.o)
                0x0000000008000204                __udivmoddi4
 .text          0x00000000080004d4        0x4 /Applications/STM32CubeIDE.app/Contents/Eclipse/plugins/com.st.stm32cube.ide.mcu.externaltools.gnu-tools-for-stm32.10.3-2021.10.macos64_1.0.0.202111181127/tools/bin/../lib/gcc/arm-none-eabi/10.3.1/thumb/v7e-m+fp/hard/libgcc.a(_dvmd_tls.o)
                0x00000000080004d4                __aeabi_ldiv0
                0x00000000080004d4                __aeabi_idiv0
 *(.text*)
 .text.main     0x00000000080004d8       0xbc ./Core/Src/main.o
                0x00000000080004d8                main
 .text.SystemClock_Config
                0x0000000008000594       0xd8 ./Core/Src/main.o
                0x0000000008000594                SystemClock_Config
 .text.MX_I2C1_Init
                0x000000000800066c       0x5c ./Core/Src/main.o
 .text.MX_GPIO_Init
                0x00000000080006c8       0xf0 ./Core/Src/main.o
 .text.Error_Handler
                0x00000000080007b8        0xa ./Core/Src/main.o
                0x00000000080007b8                Error_Handler
 .text.motor_enable
                0x00000000080007c2       0x20 ./Core/Src/motors.o
                0x00000000080007c2                motor_enable
 .text.motor_move
                0x00000000080007e2       0x62 ./Core/Src/motors.o
                0x00000000080007e2                motor_move
 .text.motor_stop
                0x0000000008000844       0x30 ./Core/Src/motors.o
                0x0000000008000844                motor_stop
 .text.HAL_MspInit
                0x0000000008000874       0x50 ./Core/Src/stm32f4xx_hal_msp.o
                0x0000000008000874                HAL_MspInit
 .text.HAL_I2C_MspInit
                0x00000000080008c4       0x90 ./Core/Src/stm32f4xx_hal_msp.o
                0x00000000080008c4                HAL_I2C_MspInit
 .text.NMI_Handler
                0x0000000008000954        0x6 ./Core/Src/stm32f4xx_it.o
                0x0000000008000954                NMI_Handler
 .text.HardFault_Handler
                0x000000000800095a        0x6 ./Core/Src/stm32f4xx_it.o
                0x000000000800095a                HardFault_Handler
 .text.MemManage_Handler
                0x0000000008000960        0x6 ./Core/Src/stm32f4xx_it.o
                0x0000000008000960                MemManage_Handler
 .text.BusFault_Handler
                0x0000000008000966        0x6 ./Core/Src/stm32f4xx_it.o
                0x0000000008000966                BusFault_Handler
 .text.UsageFault_Handler
                0x000000000800096c        0x6 ./Core/Src/stm32f4xx_it.o
                0x000000000800096c                UsageFault_Handler
 .text.SVC_Handler
                0x0000000008000972        0xe ./Core/Src/stm32f4xx_it.o
                0x0000000008000972                SVC_Handler
 .text.DebugMon_Handler
                0x0000000008000980        0xe ./Core/Src/stm32f4xx_it.o
                0x0000000008000980                DebugMon_Handler
 .text.PendSV_Handler
                0x000000000800098e        0xe ./Core/Src/stm32f4xx_it.o
                0x000000000800098e                PendSV_Handler
 .text.SysTick_Handler
                0x000000000800099c        0xc ./Core/Src/stm32f4xx_it.o
                0x000000000800099c                SysTick_Handler
 .text.OTG_FS_IRQHandler
                0x00000000080009a8       0x14 ./Core/Src/stm32f4xx_it.o
                0x00000000080009a8                OTG_FS_IRQHandler
 .text.SystemInit
                0x00000000080009bc       0x24 ./Core/Src/system_stm32f4xx.o
                0x00000000080009bc                SystemInit
 .text.Reset_Handler
                0x00000000080009e0       0x50 ./Core/Startup/startup_stm32f401cdux.o
                0x00000000080009e0                Reset_Handler
 .text.Default_Handler
                0x0000000008000a30        0x2 ./Core/Startup/startup_stm32f401cdux.o
                0x0000000008000a30                DMA1_Stream3_IRQHandler
                0x0000000008000a30                EXTI2_IRQHandler
                0x0000000008000a30                SPI4_IRQHandler
                0x0000000008000a30                TIM1_CC_IRQHandler
                0x0000000008000a30                DMA2_Stream5_IRQHandler
                0x0000000008000a30                DMA1_Stream5_IRQHandler
                0x0000000008000a30                PVD_IRQHandler
                0x0000000008000a30                SDIO_IRQHandler
                0x0000000008000a30                TAMP_STAMP_IRQHandler
                0x0000000008000a30                EXTI3_IRQHandler
                0x0000000008000a30                TIM1_UP_TIM10_IRQHandler
                0x0000000008000a30                I2C3_ER_IRQHandler
                0x0000000008000a30                EXTI0_IRQHandler
                0x0000000008000a30                I2C2_EV_IRQHandler
                0x0000000008000a30                DMA1_Stream2_IRQHandler
                0x0000000008000a30                FPU_IRQHandler
                0x0000000008000a30                DMA2_Stream2_IRQHandler
                0x0000000008000a30                SPI1_IRQHandler
                0x0000000008000a30                TIM1_BRK_TIM9_IRQHandler
                0x0000000008000a30                DMA2_Stream3_IRQHandler
                0x0000000008000a30                USART6_IRQHandler
                0x0000000008000a30                DMA2_Stream0_IRQHandler
                0x0000000008000a30                TIM4_IRQHandler
                0x0000000008000a30                I2C1_EV_IRQHandler
                0x0000000008000a30                DMA1_Stream6_IRQHandler
                0x0000000008000a30                DMA1_Stream1_IRQHandler
                0x0000000008000a30                TIM3_IRQHandler
                0x0000000008000a30                RCC_IRQHandler
                0x0000000008000a30                Default_Handler
                0x0000000008000a30                EXTI15_10_IRQHandler
                0x0000000008000a30                ADC_IRQHandler
                0x0000000008000a30                DMA1_Stream7_IRQHandler
                0x0000000008000a30                TIM5_IRQHandler
                0x0000000008000a30                DMA2_Stream7_IRQHandler
                0x0000000008000a30                I2C3_EV_IRQHandler
                0x0000000008000a30                EXTI9_5_IRQHandler
                0x0000000008000a30                RTC_WKUP_IRQHandler
                0x0000000008000a30                SPI2_IRQHandler
                0x0000000008000a30                DMA1_Stream0_IRQHandler
                0x0000000008000a30                EXTI4_IRQHandler
                0x0000000008000a30                WWDG_IRQHandler
                0x0000000008000a30                TIM2_IRQHandler
                0x0000000008000a30                OTG_FS_WKUP_IRQHandler
                0x0000000008000a30                TIM1_TRG_COM_TIM11_IRQHandler
                0x0000000008000a30                EXTI1_IRQHandler
                0x0000000008000a30                USART2_IRQHandler
                0x0000000008000a30                I2C2_ER_IRQHandler
                0x0000000008000a30                DMA2_Stream1_IRQHandler
                0x0000000008000a30                FLASH_IRQHandler
                0x0000000008000a30                DMA2_Stream4_IRQHandler
                0x0000000008000a30                USART1_IRQHandler
                0x0000000008000a30                SPI3_IRQHandler
                0x0000000008000a30                DMA1_Stream4_IRQHandler
                0x0000000008000a30                I2C1_ER_IRQHandler
                0x0000000008000a30                DMA2_Stream6_IRQHandler
                0x0000000008000a30                RTC_Alarm_IRQHandler
 *fill*         0x0000000008000a32        0x2 
 .text.HAL_Init
                0x0000000008000a34       0x44 ./Drivers/STM32F4xx_HAL_Driver/Src/stm32f4xx_hal.o
                0x0000000008000a34                HAL_Init
 .text.HAL_InitTick
                0x0000000008000a78       0x60 ./Drivers/STM32F4xx_HAL_Driver/Src/stm32f4xx_hal.o
                0x0000000008000a78                HAL_InitTick
 .text.HAL_IncTick
                0x0000000008000ad8       0x28 ./Drivers/STM32F4xx_HAL_Driver/Src/stm32f4xx_hal.o
                0x0000000008000ad8                HAL_IncTick
 .text.HAL_GetTick
                0x0000000008000b00       0x18 ./Drivers/STM32F4xx_HAL_Driver/Src/stm32f4xx_hal.o
                0x0000000008000b00                HAL_GetTick
 .text.HAL_Delay
                0x0000000008000b18       0x48 ./Drivers/STM32F4xx_HAL_Driver/Src/stm32f4xx_hal.o
                0x0000000008000b18                HAL_Delay
 .text.__NVIC_SetPriorityGrouping
                0x0000000008000b60       0x48 ./Drivers/STM32F4xx_HAL_Driver/Src/stm32f4xx_hal_cortex.o
 .text.__NVIC_GetPriorityGrouping
                0x0000000008000ba8       0x1c ./Drivers/STM32F4xx_HAL_Driver/Src/stm32f4xx_hal_cortex.o
 .text.__NVIC_EnableIRQ
                0x0000000008000bc4       0x3c ./Drivers/STM32F4xx_HAL_Driver/Src/stm32f4xx_hal_cortex.o
 .text.__NVIC_SetPriority
                0x0000000008000c00       0x54 ./Drivers/STM32F4xx_HAL_Driver/Src/stm32f4xx_hal_cortex.o
 .text.NVIC_EncodePriority
                0x0000000008000c54       0x66 ./Drivers/STM32F4xx_HAL_Driver/Src/stm32f4xx_hal_cortex.o
 *fill*         0x0000000008000cba        0x2 
 .text.SysTick_Config
                0x0000000008000cbc       0x44 ./Drivers/STM32F4xx_HAL_Driver/Src/stm32f4xx_hal_cortex.o
 .text.HAL_NVIC_SetPriorityGrouping
                0x0000000008000d00       0x16 ./Drivers/STM32F4xx_HAL_Driver/Src/stm32f4xx_hal_cortex.o
                0x0000000008000d00                HAL_NVIC_SetPriorityGrouping
 .text.HAL_NVIC_SetPriority
                0x0000000008000d16       0x38 ./Drivers/STM32F4xx_HAL_Driver/Src/stm32f4xx_hal_cortex.o
                0x0000000008000d16                HAL_NVIC_SetPriority
 .text.HAL_NVIC_EnableIRQ
                0x0000000008000d4e       0x1c ./Drivers/STM32F4xx_HAL_Driver/Src/stm32f4xx_hal_cortex.o
                0x0000000008000d4e                HAL_NVIC_EnableIRQ
 .text.HAL_SYSTICK_Config
                0x0000000008000d6a       0x18 ./Drivers/STM32F4xx_HAL_Driver/Src/stm32f4xx_hal_cortex.o
                0x0000000008000d6a                HAL_SYSTICK_Config
 *fill*         0x0000000008000d82        0x2 
 .text.HAL_GPIO_Init
                0x0000000008000d84      0x308 ./Drivers/STM32F4xx_HAL_Driver/Src/stm32f4xx_hal_gpio.o
                0x0000000008000d84                HAL_GPIO_Init
 .text.HAL_GPIO_WritePin
                0x000000000800108c       0x32 ./Drivers/STM32F4xx_HAL_Driver/Src/stm32f4xx_hal_gpio.o
                0x000000000800108c                HAL_GPIO_WritePin
 .text.HAL_GPIO_TogglePin
                0x00000000080010be       0x34 ./Drivers/STM32F4xx_HAL_Driver/Src/stm32f4xx_hal_gpio.o
                0x00000000080010be                HAL_GPIO_TogglePin
 *fill*         0x00000000080010f2        0x2 
 .text.HAL_I2C_Init
                0x00000000080010f4      0x288 ./Drivers/STM32F4xx_HAL_Driver/Src/stm32f4xx_hal_i2c.o
                0x00000000080010f4                HAL_I2C_Init
 .text.HAL_PCD_Init
                0x000000000800137c      0x23a ./Drivers/STM32F4xx_HAL_Driver/Src/stm32f4xx_hal_pcd.o
                0x000000000800137c                HAL_PCD_Init
 .text.HAL_PCD_Start
                0x00000000080015b6       0x66 ./Drivers/STM32F4xx_HAL_Driver/Src/stm32f4xx_hal_pcd.o
                0x00000000080015b6                HAL_PCD_Start
 .text.HAL_PCD_IRQHandler
                0x000000000800161c      0x93e ./Drivers/STM32F4xx_HAL_Driver/Src/stm32f4xx_hal_pcd.o
                0x000000000800161c                HAL_PCD_IRQHandler
 .text.HAL_PCD_SetAddress
                0x0000000008001f5a       0x4a ./Drivers/STM32F4xx_HAL_Driver/Src/stm32f4xx_hal_pcd.o
                0x0000000008001f5a                HAL_PCD_SetAddress
 .text.HAL_PCD_EP_Open
                0x0000000008001fa4       0xd0 ./Drivers/STM32F4xx_HAL_Driver/Src/stm32f4xx_hal_pcd.o
                0x0000000008001fa4                HAL_PCD_EP_Open
 .text.HAL_PCD_EP_Close
                0x0000000008002074       0x94 ./Drivers/STM32F4xx_HAL_Driver/Src/stm32f4xx_hal_pcd.o
                0x0000000008002074                HAL_PCD_EP_Close
 .text.HAL_PCD_EP_Receive
                0x0000000008002108       0x96 ./Drivers/STM32F4xx_HAL_Driver/Src/stm32f4xx_hal_pcd.o
                0x0000000008002108                HAL_PCD_EP_Receive
 .text.HAL_PCD_EP_GetRxCount
                0x000000000800219e       0x30 ./Drivers/STM32F4xx_HAL_Driver/Src/stm32f4xx_hal_pcd.o
                0x000000000800219e                HAL_PCD_EP_GetRxCount
 .text.HAL_PCD_EP_Transmit
                0x00000000080021ce       0x94 ./Drivers/STM32F4xx_HAL_Driver/Src/stm32f4xx_hal_pcd.o
                0x00000000080021ce                HAL_PCD_EP_Transmit
 .text.HAL_PCD_EP_SetStall
                0x0000000008002262       0xc8 ./Drivers/STM32F4xx_HAL_Driver/Src/stm32f4xx_hal_pcd.o
                0x0000000008002262                HAL_PCD_EP_SetStall
 .text.HAL_PCD_EP_ClrStall
                0x000000000800232a       0xac ./Drivers/STM32F4xx_HAL_Driver/Src/stm32f4xx_hal_pcd.o
                0x000000000800232a                HAL_PCD_EP_ClrStall
 .text.HAL_PCD_EP_Abort
                0x00000000080023d6       0x62 ./Drivers/STM32F4xx_HAL_Driver/Src/stm32f4xx_hal_pcd.o
                0x00000000080023d6                HAL_PCD_EP_Abort
 .text.PCD_WriteEmptyTxFifo
                0x0000000008002438      0x11a ./Drivers/STM32F4xx_HAL_Driver/Src/stm32f4xx_hal_pcd.o
 *fill*         0x0000000008002552        0x2 
 .text.PCD_EP_OutXfrComplete_int
                0x0000000008002554      0x1d0 ./Drivers/STM32F4xx_HAL_Driver/Src/stm32f4xx_hal_pcd.o
 .text.PCD_EP_OutSetupPacket_int
                0x0000000008002724       0x8c ./Drivers/STM32F4xx_HAL_Driver/Src/stm32f4xx_hal_pcd.o
 .text.HAL_PCDEx_SetTxFiFo
                0x00000000080027b0       0x8e ./Drivers/STM32F4xx_HAL_Driver/Src/stm32f4xx_hal_pcd_ex.o
                0x00000000080027b0                HAL_PCDEx_SetTxFiFo
 .text.HAL_PCDEx_SetRxFiFo
                0x000000000800283e       0x22 ./Drivers/STM32F4xx_HAL_Driver/Src/stm32f4xx_hal_pcd_ex.o
                0x000000000800283e                HAL_PCDEx_SetRxFiFo
 .text.HAL_PCDEx_LPM_Callback
                0x0000000008002860       0x18 ./Drivers/STM32F4xx_HAL_Driver/Src/stm32f4xx_hal_pcd_ex.o
                0x0000000008002860                HAL_PCDEx_LPM_Callback
 .text.HAL_RCC_OscConfig
                0x0000000008002878      0x4f0 ./Drivers/STM32F4xx_HAL_Driver/Src/stm32f4xx_hal_rcc.o
                0x0000000008002878                HAL_RCC_OscConfig
 .text.HAL_RCC_ClockConfig
                0x0000000008002d68      0x1cc ./Drivers/STM32F4xx_HAL_Driver/Src/stm32f4xx_hal_rcc.o
                0x0000000008002d68                HAL_RCC_ClockConfig
 .text.HAL_RCC_GetSysClockFreq
                0x0000000008002f34      0x18c ./Drivers/STM32F4xx_HAL_Driver/Src/stm32f4xx_hal_rcc.o
                0x0000000008002f34                HAL_RCC_GetSysClockFreq
 .text.HAL_RCC_GetHCLKFreq
                0x00000000080030c0       0x18 ./Drivers/STM32F4xx_HAL_Driver/Src/stm32f4xx_hal_rcc.o
                0x00000000080030c0                HAL_RCC_GetHCLKFreq
 .text.HAL_RCC_GetPCLK1Freq
                0x00000000080030d8       0x28 ./Drivers/STM32F4xx_HAL_Driver/Src/stm32f4xx_hal_rcc.o
                0x00000000080030d8                HAL_RCC_GetPCLK1Freq
 .text.USB_CoreInit
                0x0000000008003100       0xc2 ./Drivers/STM32F4xx_HAL_Driver/Src/stm32f4xx_ll_usb.o
                0x0000000008003100                USB_CoreInit
 *fill*         0x00000000080031c2        0x2 
 .text.USB_SetTurnaroundTime
                0x00000000080031c4      0x144 ./Drivers/STM32F4xx_HAL_Driver/Src/stm32f4xx_ll_usb.o
                0x00000000080031c4                USB_SetTurnaroundTime
 .text.USB_EnableGlobalInt
                0x0000000008003308       0x22 ./Drivers/STM32F4xx_HAL_Driver/Src/stm32f4xx_ll_usb.o
                0x0000000008003308                USB_EnableGlobalInt
 .text.USB_DisableGlobalInt
                0x000000000800332a       0x22 ./Drivers/STM32F4xx_HAL_Driver/Src/stm32f4xx_ll_usb.o
                0x000000000800332a                USB_DisableGlobalInt
 .text.USB_SetCurrentMode
                0x000000000800334c       0x98 ./Drivers/STM32F4xx_HAL_Driver/Src/stm32f4xx_ll_usb.o
                0x000000000800334c                USB_SetCurrentMode
 .text.USB_DevInit
                0x00000000080033e4      0x2c8 ./Drivers/STM32F4xx_HAL_Driver/Src/stm32f4xx_ll_usb.o
                0x00000000080033e4                USB_DevInit
 .text.USB_FlushTxFifo
                0x00000000080036ac       0x68 ./Drivers/STM32F4xx_HAL_Driver/Src/stm32f4xx_ll_usb.o
                0x00000000080036ac                USB_FlushTxFifo
 .text.USB_FlushRxFifo
                0x0000000008003714       0x60 ./Drivers/STM32F4xx_HAL_Driver/Src/stm32f4xx_ll_usb.o
                0x0000000008003714                USB_FlushRxFifo
 .text.USB_SetDevSpeed
                0x0000000008003774       0x32 ./Drivers/STM32F4xx_HAL_Driver/Src/stm32f4xx_ll_usb.o
                0x0000000008003774                USB_SetDevSpeed
 .text.USB_GetDevSpeed
                0x00000000080037a6       0x4a ./Drivers/STM32F4xx_HAL_Driver/Src/stm32f4xx_ll_usb.o
                0x00000000080037a6                USB_GetDevSpeed
 .text.USB_ActivateEndpoint
                0x00000000080037f0      0x10e ./Drivers/STM32F4xx_HAL_Driver/Src/stm32f4xx_ll_usb.o
                0x00000000080037f0                USB_ActivateEndpoint
 *fill*         0x00000000080038fe        0x2 
 .text.USB_DeactivateEndpoint
                0x0000000008003900      0x1b8 ./Drivers/STM32F4xx_HAL_Driver/Src/stm32f4xx_ll_usb.o
                0x0000000008003900                USB_DeactivateEndpoint
 .text.USB_EPStartXfer
                0x0000000008003ab8      0x490 ./Drivers/STM32F4xx_HAL_Driver/Src/stm32f4xx_ll_usb.o
                0x0000000008003ab8                USB_EPStartXfer
 .text.USB_EP0StartXfer
                0x0000000008003f48      0x2b0 ./Drivers/STM32F4xx_HAL_Driver/Src/stm32f4xx_ll_usb.o
                0x0000000008003f48                USB_EP0StartXfer
 .text.USB_EPStopXfer
                0x00000000080041f8      0x154 ./Drivers/STM32F4xx_HAL_Driver/Src/stm32f4xx_ll_usb.o
                0x00000000080041f8                USB_EPStopXfer
 .text.USB_WritePacket
                0x000000000800434c       0x7c ./Drivers/STM32F4xx_HAL_Driver/Src/stm32f4xx_ll_usb.o
                0x000000000800434c                USB_WritePacket
 .text.USB_ReadPacket
                0x00000000080043c8       0xb0 ./Drivers/STM32F4xx_HAL_Driver/Src/stm32f4xx_ll_usb.o
                0x00000000080043c8                USB_ReadPacket
 .text.USB_EPSetStall
                0x0000000008004478       0xdc ./Drivers/STM32F4xx_HAL_Driver/Src/stm32f4xx_ll_usb.o
                0x0000000008004478                USB_EPSetStall
 .text.USB_EPClearStall
                0x0000000008004554       0xcc ./Drivers/STM32F4xx_HAL_Driver/Src/stm32f4xx_ll_usb.o
                0x0000000008004554                USB_EPClearStall
 .text.USB_SetDevAddress
                0x0000000008004620       0x4c ./Drivers/STM32F4xx_HAL_Driver/Src/stm32f4xx_ll_usb.o
                0x0000000008004620                USB_SetDevAddress
 .text.USB_DevConnect
                0x000000000800466c       0x42 ./Drivers/STM32F4xx_HAL_Driver/Src/stm32f4xx_ll_usb.o
                0x000000000800466c                USB_DevConnect
 .text.USB_DevDisconnect
                0x00000000080046ae       0x42 ./Drivers/STM32F4xx_HAL_Driver/Src/stm32f4xx_ll_usb.o
                0x00000000080046ae                USB_DevDisconnect
 .text.USB_ReadInterrupts
                0x00000000080046f0       0x26 ./Drivers/STM32F4xx_HAL_Driver/Src/stm32f4xx_ll_usb.o
                0x00000000080046f0                USB_ReadInterrupts
 .text.USB_ReadDevAllOutEpInterrupt
                0x0000000008004716       0x34 ./Drivers/STM32F4xx_HAL_Driver/Src/stm32f4xx_ll_usb.o
                0x0000000008004716                USB_ReadDevAllOutEpInterrupt
 .text.USB_ReadDevAllInEpInterrupt
                0x000000000800474a       0x34 ./Drivers/STM32F4xx_HAL_Driver/Src/stm32f4xx_ll_usb.o
                0x000000000800474a                USB_ReadDevAllInEpInterrupt
 .text.USB_ReadDevOutEPInterrupt
                0x000000000800477e       0x3c ./Drivers/STM32F4xx_HAL_Driver/Src/stm32f4xx_ll_usb.o
                0x000000000800477e                USB_ReadDevOutEPInterrupt
 .text.USB_ReadDevInEPInterrupt
                0x00000000080047ba       0x5c ./Drivers/STM32F4xx_HAL_Driver/Src/stm32f4xx_ll_usb.o
                0x00000000080047ba                USB_ReadDevInEPInterrupt
 .text.USB_GetMode
                0x0000000008004816       0x1c ./Drivers/STM32F4xx_HAL_Driver/Src/stm32f4xx_ll_usb.o
                0x0000000008004816                USB_GetMode
 .text.USB_ActivateSetup
                0x0000000008004832       0x46 ./Drivers/STM32F4xx_HAL_Driver/Src/stm32f4xx_ll_usb.o
                0x0000000008004832                USB_ActivateSetup
 .text.USB_EP0_OutStart
                0x0000000008004878       0xbc ./Drivers/STM32F4xx_HAL_Driver/Src/stm32f4xx_ll_usb.o
                0x0000000008004878                USB_EP0_OutStart
 .text.USB_CoreReset
                0x0000000008004934       0x68 ./Drivers/STM32F4xx_HAL_Driver/Src/stm32f4xx_ll_usb.o
 .text.USBD_CDC_Init
                0x000000000800499c      0x1f0 ./Middlewares/ST/STM32_USB_Device_Library/Class/CDC/Src/usbd_cdc.o
 .text.USBD_CDC_DeInit
                0x0000000008004b8c      0x104 ./Middlewares/ST/STM32_USB_Device_Library/Class/CDC/Src/usbd_cdc.o
 .text.USBD_CDC_Setup
                0x0000000008004c90      0x1b8 ./Middlewares/ST/STM32_USB_Device_Library/Class/CDC/Src/usbd_cdc.o
 .text.USBD_CDC_DataIn
                0x0000000008004e48       0xfe ./Middlewares/ST/STM32_USB_Device_Library/Class/CDC/Src/usbd_cdc.o
 .text.USBD_CDC_DataOut
                0x0000000008004f46       0x70 ./Middlewares/ST/STM32_USB_Device_Library/Class/CDC/Src/usbd_cdc.o
 .text.USBD_CDC_EP0_RxReady
                0x0000000008004fb6       0x76 ./Middlewares/ST/STM32_USB_Device_Library/Class/CDC/Src/usbd_cdc.o
 .text.USBD_CDC_GetFSCfgDesc
                0x000000000800502c       0x70 ./Middlewares/ST/STM32_USB_Device_Library/Class/CDC/Src/usbd_cdc.o
 .text.USBD_CDC_GetHSCfgDesc
                0x000000000800509c       0x70 ./Middlewares/ST/STM32_USB_Device_Library/Class/CDC/Src/usbd_cdc.o
 .text.USBD_CDC_GetOtherSpeedCfgDesc
                0x000000000800510c       0x70 ./Middlewares/ST/STM32_USB_Device_Library/Class/CDC/Src/usbd_cdc.o
 .text.USBD_CDC_GetDeviceQualifierDescriptor
                0x000000000800517c       0x20 ./Middlewares/ST/STM32_USB_Device_Library/Class/CDC/Src/usbd_cdc.o
                0x000000000800517c                USBD_CDC_GetDeviceQualifierDescriptor
 .text.USBD_CDC_RegisterInterface
                0x000000000800519c       0x34 ./Middlewares/ST/STM32_USB_Device_Library/Class/CDC/Src/usbd_cdc.o
                0x000000000800519c                USBD_CDC_RegisterInterface
 .text.USBD_CDC_SetTxBuffer
                0x00000000080051d0       0x44 ./Middlewares/ST/STM32_USB_Device_Library/Class/CDC/Src/usbd_cdc.o
                0x00000000080051d0                USBD_CDC_SetTxBuffer
 .text.USBD_CDC_SetRxBuffer
                0x0000000008005214       0x3a ./Middlewares/ST/STM32_USB_Device_Library/Class/CDC/Src/usbd_cdc.o
                0x0000000008005214                USBD_CDC_SetRxBuffer
 *fill*         0x000000000800524e        0x2 
 .text.USBD_CDC_ReceivePacket
                0x0000000008005250       0x6c ./Middlewares/ST/STM32_USB_Device_Library/Class/CDC/Src/usbd_cdc.o
                0x0000000008005250                USBD_CDC_ReceivePacket
 .text.USBD_Init
                0x00000000080052bc       0x60 ./Middlewares/ST/STM32_USB_Device_Library/Core/Src/usbd_core.o
                0x00000000080052bc                USBD_Init
 .text.USBD_RegisterClass
                0x000000000800531c       0x6c ./Middlewares/ST/STM32_USB_Device_Library/Core/Src/usbd_core.o
                0x000000000800531c                USBD_RegisterClass
 .text.USBD_Start
                0x0000000008005388       0x18 ./Middlewares/ST/STM32_USB_Device_Library/Core/Src/usbd_core.o
                0x0000000008005388                USBD_Start
 .text.USBD_RunTestMode
                0x00000000080053a0       0x16 ./Middlewares/ST/STM32_USB_Device_Library/Core/Src/usbd_core.o
                0x00000000080053a0                USBD_RunTestMode
 .text.USBD_SetClassConfig
                0x00000000080053b6       0x38 ./Middlewares/ST/STM32_USB_Device_Library/Core/Src/usbd_core.o
                0x00000000080053b6                USBD_SetClassConfig
 .text.USBD_ClrClassConfig
                0x00000000080053ee       0x34 ./Middlewares/ST/STM32_USB_Device_Library/Core/Src/usbd_core.o
                0x00000000080053ee                USBD_ClrClassConfig
 .text.USBD_LL_SetupStage
                0x0000000008005422       0xaa ./Middlewares/ST/STM32_USB_Device_Library/Core/Src/usbd_core.o
                0x0000000008005422                USBD_LL_SetupStage
 .text.USBD_LL_DataOutStage
                0x00000000080054cc      0x166 ./Middlewares/ST/STM32_USB_Device_Library/Core/Src/usbd_core.o
                0x00000000080054cc                USBD_LL_DataOutStage
 .text.USBD_LL_DataInStage
                0x0000000008005632      0x164 ./Middlewares/ST/STM32_USB_Device_Library/Core/Src/usbd_core.o
                0x0000000008005632                USBD_LL_DataInStage
 .text.USBD_LL_Reset
                0x0000000008005796       0xa4 ./Middlewares/ST/STM32_USB_Device_Library/Core/Src/usbd_core.o
                0x0000000008005796                USBD_LL_Reset
 .text.USBD_LL_SetSpeed
                0x000000000800583a       0x20 ./Middlewares/ST/STM32_USB_Device_Library/Core/Src/usbd_core.o
                0x000000000800583a                USBD_LL_SetSpeed
 .text.USBD_LL_Suspend
                0x000000000800585a       0x2c ./Middlewares/ST/STM32_USB_Device_Library/Core/Src/usbd_core.o
                0x000000000800585a                USBD_LL_Suspend
 .text.USBD_LL_Resume
                0x0000000008005886       0x30 ./Middlewares/ST/STM32_USB_Device_Library/Core/Src/usbd_core.o
                0x0000000008005886                USBD_LL_Resume
 .text.USBD_LL_SOF
                0x00000000080058b6       0x40 ./Middlewares/ST/STM32_USB_Device_Library/Core/Src/usbd_core.o
                0x00000000080058b6                USBD_LL_SOF
 .text.USBD_LL_IsoINIncomplete
                0x00000000080058f6       0x64 ./Middlewares/ST/STM32_USB_Device_Library/Core/Src/usbd_core.o
                0x00000000080058f6                USBD_LL_IsoINIncomplete
 .text.USBD_LL_IsoOUTIncomplete
                0x000000000800595a       0x64 ./Middlewares/ST/STM32_USB_Device_Library/Core/Src/usbd_core.o
                0x000000000800595a                USBD_LL_IsoOUTIncomplete
 .text.USBD_LL_DevConnected
                0x00000000080059be       0x16 ./Middlewares/ST/STM32_USB_Device_Library/Core/Src/usbd_core.o
                0x00000000080059be                USBD_LL_DevConnected
 .text.USBD_LL_DevDisconnected
                0x00000000080059d4       0x46 ./Middlewares/ST/STM32_USB_Device_Library/Core/Src/usbd_core.o
                0x00000000080059d4                USBD_LL_DevDisconnected
 .text.USBD_CoreFindIF
                0x0000000008005a1a       0x1a ./Middlewares/ST/STM32_USB_Device_Library/Core/Src/usbd_core.o
                0x0000000008005a1a                USBD_CoreFindIF
 .text.USBD_CoreFindEP
                0x0000000008005a34       0x1a ./Middlewares/ST/STM32_USB_Device_Library/Core/Src/usbd_core.o
                0x0000000008005a34                USBD_CoreFindEP
 .text.USBD_GetEpDesc
                0x0000000008005a4e       0x74 ./Middlewares/ST/STM32_USB_Device_Library/Core/Src/usbd_core.o
                0x0000000008005a4e                USBD_GetEpDesc
 .text.USBD_GetNextDesc
                0x0000000008005ac2       0x3a ./Middlewares/ST/STM32_USB_Device_Library/Core/Src/usbd_core.o
                0x0000000008005ac2                USBD_GetNextDesc
 .text.SWAPBYTE
                0x0000000008005afc       0x3c ./Middlewares/ST/STM32_USB_Device_Library/Core/Src/usbd_ctlreq.o
 .text.USBD_StdDevReq
                0x0000000008005b38       0xe4 ./Middlewares/ST/STM32_USB_Device_Library/Core/Src/usbd_ctlreq.o
                0x0000000008005b38                USBD_StdDevReq
 .text.USBD_StdItfReq
                0x0000000008005c1c       0xd8 ./Middlewares/ST/STM32_USB_Device_Library/Core/Src/usbd_ctlreq.o
                0x0000000008005c1c                USBD_StdItfReq
 .text.USBD_StdEPReq
                0x0000000008005cf4      0x33a ./Middlewares/ST/STM32_USB_Device_Library/Core/Src/usbd_ctlreq.o
                0x0000000008005cf4                USBD_StdEPReq
 *fill*         0x000000000800602e        0x2 
 .text.USBD_GetDescriptor
                0x0000000008006030      0x2d4 ./Middlewares/ST/STM32_USB_Device_Library/Core/Src/usbd_ctlreq.o
 .text.USBD_SetAddress
                0x0000000008006304       0x88 ./Middlewares/ST/STM32_USB_Device_Library/Core/Src/usbd_ctlreq.o
 .text.USBD_SetConfig
                0x000000000800638c      0x154 ./Middlewares/ST/STM32_USB_Device_Library/Core/Src/usbd_ctlreq.o
 .text.USBD_GetConfig
                0x00000000080064e0       0x6c ./Middlewares/ST/STM32_USB_Device_Library/Core/Src/usbd_ctlreq.o
 .text.USBD_GetStatus
                0x000000000800654c       0x68 ./Middlewares/ST/STM32_USB_Device_Library/Core/Src/usbd_ctlreq.o
 .text.USBD_SetFeature
                0x00000000080065b4       0x52 ./Middlewares/ST/STM32_USB_Device_Library/Core/Src/usbd_ctlreq.o
 .text.USBD_ClrFeature
                0x0000000008006606       0x44 ./Middlewares/ST/STM32_USB_Device_Library/Core/Src/usbd_ctlreq.o
 .text.USBD_ParseSetupRequest
                0x000000000800664a       0x74 ./Middlewares/ST/STM32_USB_Device_Library/Core/Src/usbd_ctlreq.o
                0x000000000800664a                USBD_ParseSetupRequest
 .text.USBD_CtlError
                0x00000000080066be       0x22 ./Middlewares/ST/STM32_USB_Device_Library/Core/Src/usbd_ctlreq.o
                0x00000000080066be                USBD_CtlError
 .text.USBD_GetString
                0x00000000080066e0       0x8c ./Middlewares/ST/STM32_USB_Device_Library/Core/Src/usbd_ctlreq.o
                0x00000000080066e0                USBD_GetString
 .text.USBD_GetLen
                0x000000000800676c       0x34 ./Middlewares/ST/STM32_USB_Device_Library/Core/Src/usbd_ctlreq.o
 .text.USBD_CtlSendData
                0x00000000080067a0       0x36 ./Middlewares/ST/STM32_USB_Device_Library/Core/Src/usbd_ioreq.o
                0x00000000080067a0                USBD_CtlSendData
 .text.USBD_CtlContinueSendData
                0x00000000080067d6       0x22 ./Middlewares/ST/STM32_USB_Device_Library/Core/Src/usbd_ioreq.o
                0x00000000080067d6                USBD_CtlContinueSendData
 .text.USBD_CtlPrepareRx
                0x00000000080067f8       0x3a ./Middlewares/ST/STM32_USB_Device_Library/Core/Src/usbd_ioreq.o
                0x00000000080067f8                USBD_CtlPrepareRx
 .text.USBD_CtlContinueRx
                0x0000000008006832       0x22 ./Middlewares/ST/STM32_USB_Device_Library/Core/Src/usbd_ioreq.o
                0x0000000008006832                USBD_CtlContinueRx
 .text.USBD_CtlSendStatus
                0x0000000008006854       0x26 ./Middlewares/ST/STM32_USB_Device_Library/Core/Src/usbd_ioreq.o
                0x0000000008006854                USBD_CtlSendStatus
 .text.USBD_CtlReceiveStatus
                0x000000000800687a       0x26 ./Middlewares/ST/STM32_USB_Device_Library/Core/Src/usbd_ioreq.o
                0x000000000800687a                USBD_CtlReceiveStatus
 .text.MX_USB_DEVICE_Init
                0x00000000080068a0       0x60 ./USB_DEVICE/App/usb_device.o
                0x00000000080068a0                MX_USB_DEVICE_Init
 .text.CDC_Init_FS
                0x0000000008006900       0x28 ./USB_DEVICE/App/usbd_cdc_if.o
 .text.CDC_DeInit_FS
                0x0000000008006928       0x10 ./USB_DEVICE/App/usbd_cdc_if.o
 .text.CDC_Control_FS
                0x0000000008006938       0xbc ./USB_DEVICE/App/usbd_cdc_if.o
 .text.CDC_Receive_FS
                0x00000000080069f4       0x28 ./USB_DEVICE/App/usbd_cdc_if.o
 .text.CDC_TransmitCplt_FS
                0x0000000008006a1c       0x22 ./USB_DEVICE/App/usbd_cdc_if.o
 *fill*         0x0000000008006a3e        0x2 
 .text.USBD_FS_DeviceDescriptor
                0x0000000008006a40       0x24 ./USB_DEVICE/App/usbd_desc.o
                0x0000000008006a40                USBD_FS_DeviceDescriptor
 .text.USBD_FS_LangIDStrDescriptor
                0x0000000008006a64       0x24 ./USB_DEVICE/App/usbd_desc.o
                0x0000000008006a64                USBD_FS_LangIDStrDescriptor
 .text.USBD_FS_ProductStrDescriptor
                0x0000000008006a88       0x3c ./USB_DEVICE/App/usbd_desc.o
                0x0000000008006a88                USBD_FS_ProductStrDescriptor
 .text.USBD_FS_ManufacturerStrDescriptor
                0x0000000008006ac4       0x28 ./USB_DEVICE/App/usbd_desc.o
                0x0000000008006ac4                USBD_FS_ManufacturerStrDescriptor
 .text.USBD_FS_SerialStrDescriptor
                0x0000000008006aec       0x24 ./USB_DEVICE/App/usbd_desc.o
                0x0000000008006aec                USBD_FS_SerialStrDescriptor
 .text.USBD_FS_ConfigStrDescriptor
                0x0000000008006b10       0x3c ./USB_DEVICE/App/usbd_desc.o
                0x0000000008006b10                USBD_FS_ConfigStrDescriptor
 .text.USBD_FS_InterfaceStrDescriptor
                0x0000000008006b4c       0x3c ./USB_DEVICE/App/usbd_desc.o
                0x0000000008006b4c                USBD_FS_InterfaceStrDescriptor
 .text.Get_SerialNum
                0x0000000008006b88       0x58 ./USB_DEVICE/App/usbd_desc.o
 .text.IntToUnicode
                0x0000000008006be0       0x7e ./USB_DEVICE/App/usbd_desc.o
 *fill*         0x0000000008006c5e        0x2 
 .text.HAL_PCD_MspInit
                0x0000000008006c60       0xa8 ./USB_DEVICE/Target/usbd_conf.o
                0x0000000008006c60                HAL_PCD_MspInit
 .text.HAL_PCD_SetupStageCallback
                0x0000000008006d08       0x24 ./USB_DEVICE/Target/usbd_conf.o
                0x0000000008006d08                HAL_PCD_SetupStageCallback
 .text.HAL_PCD_DataOutStageCallback
                0x0000000008006d2c       0x36 ./USB_DEVICE/Target/usbd_conf.o
                0x0000000008006d2c                HAL_PCD_DataOutStageCallback
 .text.HAL_PCD_DataInStageCallback
                0x0000000008006d62       0x34 ./USB_DEVICE/Target/usbd_conf.o
                0x0000000008006d62                HAL_PCD_DataInStageCallback
 .text.HAL_PCD_SOFCallback
                0x0000000008006d96       0x1c ./USB_DEVICE/Target/usbd_conf.o
                0x0000000008006d96                HAL_PCD_SOFCallback
 .text.HAL_PCD_ResetCallback
                0x0000000008006db2       0x50 ./USB_DEVICE/Target/usbd_conf.o
                0x0000000008006db2                HAL_PCD_ResetCallback
 *fill*         0x0000000008006e02        0x2 
 .text.HAL_PCD_SuspendCallback
                0x0000000008006e04       0x4c ./USB_DEVICE/Target/usbd_conf.o
                0x0000000008006e04                HAL_PCD_SuspendCallback
 .text.HAL_PCD_ResumeCallback
                0x0000000008006e50       0x1c ./USB_DEVICE/Target/usbd_conf.o
                0x0000000008006e50                HAL_PCD_ResumeCallback
 .text.HAL_PCD_ISOOUTIncompleteCallback
                0x0000000008006e6c       0x24 ./USB_DEVICE/Target/usbd_conf.o
                0x0000000008006e6c                HAL_PCD_ISOOUTIncompleteCallback
 .text.HAL_PCD_ISOINIncompleteCallback
                0x0000000008006e90       0x24 ./USB_DEVICE/Target/usbd_conf.o
                0x0000000008006e90                HAL_PCD_ISOINIncompleteCallback
 .text.HAL_PCD_ConnectCallback
                0x0000000008006eb4       0x1c ./USB_DEVICE/Target/usbd_conf.o
                0x0000000008006eb4                HAL_PCD_ConnectCallback
 .text.HAL_PCD_DisconnectCallback
                0x0000000008006ed0       0x1c ./USB_DEVICE/Target/usbd_conf.o
                0x0000000008006ed0                HAL_PCD_DisconnectCallback
 .text.USBD_LL_Init
                0x0000000008006eec       0x98 ./USB_DEVICE/Target/usbd_conf.o
                0x0000000008006eec                USBD_LL_Init
 .text.USBD_LL_Start
                0x0000000008006f84       0x36 ./USB_DEVICE/Target/usbd_conf.o
                0x0000000008006f84                USBD_LL_Start
 .text.USBD_LL_OpenEP
                0x0000000008006fba       0x4c ./USB_DEVICE/Target/usbd_conf.o
                0x0000000008006fba                USBD_LL_OpenEP
 .text.USBD_LL_CloseEP
                0x0000000008007006       0x3e ./USB_DEVICE/Target/usbd_conf.o
                0x0000000008007006                USBD_LL_CloseEP
 .text.USBD_LL_StallEP
                0x0000000008007044       0x3e ./USB_DEVICE/Target/usbd_conf.o
                0x0000000008007044                USBD_LL_StallEP
 .text.USBD_LL_ClearStallEP
                0x0000000008007082       0x3e ./USB_DEVICE/Target/usbd_conf.o
                0x0000000008007082                USBD_LL_ClearStallEP
 .text.USBD_LL_IsStallEP
                0x00000000080070c0       0x58 ./USB_DEVICE/Target/usbd_conf.o
                0x00000000080070c0                USBD_LL_IsStallEP
 .text.USBD_LL_SetUSBAddress
                0x0000000008007118       0x3e ./USB_DEVICE/Target/usbd_conf.o
                0x0000000008007118                USBD_LL_SetUSBAddress
 .text.USBD_LL_Transmit
                0x0000000008007156       0x42 ./USB_DEVICE/Target/usbd_conf.o
                0x0000000008007156                USBD_LL_Transmit
 .text.USBD_LL_PrepareReceive
                0x0000000008007198       0x42 ./USB_DEVICE/Target/usbd_conf.o
                0x0000000008007198                USBD_LL_PrepareReceive
 .text.USBD_LL_GetRxDataSize
                0x00000000080071da       0x26 ./USB_DEVICE/Target/usbd_conf.o
                0x00000000080071da                USBD_LL_GetRxDataSize
 .text.USBD_static_malloc
                0x0000000008007200       0x1c ./USB_DEVICE/Target/usbd_conf.o
                0x0000000008007200                USBD_static_malloc
 .text.USBD_static_free
                0x000000000800721c       0x14 ./USB_DEVICE/Target/usbd_conf.o
                0x000000000800721c                USBD_static_free
 .text.USBD_Get_USB_Status
                0x0000000008007230       0x58 ./USB_DEVICE/Target/usbd_conf.o
                0x0000000008007230                USBD_Get_USB_Status
 .text.__libc_init_array
                0x0000000008007288       0x48 /Applications/STM32CubeIDE.app/Contents/Eclipse/plugins/com.st.stm32cube.ide.mcu.externaltools.gnu-tools-for-stm32.10.3-2021.10.macos64_1.0.0.202111181127/tools/bin/../lib/gcc/arm-none-eabi/10.3.1/../../../../arm-none-eabi/lib/thumb/v7e-m+fp/hard/libc_nano.a(lib_a-init.o)
                0x0000000008007288                __libc_init_array
 .text.memset   0x00000000080072d0       0x10 /Applications/STM32CubeIDE.app/Contents/Eclipse/plugins/com.st.stm32cube.ide.mcu.externaltools.gnu-tools-for-stm32.10.3-2021.10.macos64_1.0.0.202111181127/tools/bin/../lib/gcc/arm-none-eabi/10.3.1/../../../../arm-none-eabi/lib/thumb/v7e-m+fp/hard/libc_nano.a(lib_a-memset.o)
                0x00000000080072d0                memset
 *(.glue_7)
 .glue_7        0x00000000080072e0        0x0 linker stubs
 *(.glue_7t)
 .glue_7t       0x00000000080072e0        0x0 linker stubs
 *(.eh_frame)
 .eh_frame      0x00000000080072e0        0x0 /Applications/STM32CubeIDE.app/Contents/Eclipse/plugins/com.st.stm32cube.ide.mcu.externaltools.gnu-tools-for-stm32.10.3-2021.10.macos64_1.0.0.202111181127/tools/bin/../lib/gcc/arm-none-eabi/10.3.1/thumb/v7e-m+fp/hard/crtbegin.o
 *(.init)
 .init          0x00000000080072e0        0x4 /Applications/STM32CubeIDE.app/Contents/Eclipse/plugins/com.st.stm32cube.ide.mcu.externaltools.gnu-tools-for-stm32.10.3-2021.10.macos64_1.0.0.202111181127/tools/bin/../lib/gcc/arm-none-eabi/10.3.1/thumb/v7e-m+fp/hard/crti.o
                0x00000000080072e0                _init
 .init          0x00000000080072e4        0x8 /Applications/STM32CubeIDE.app/Contents/Eclipse/plugins/com.st.stm32cube.ide.mcu.externaltools.gnu-tools-for-stm32.10.3-2021.10.macos64_1.0.0.202111181127/tools/bin/../lib/gcc/arm-none-eabi/10.3.1/thumb/v7e-m+fp/hard/crtn.o
 *(.fini)
 .fini          0x00000000080072ec        0x4 /Applications/STM32CubeIDE.app/Contents/Eclipse/plugins/com.st.stm32cube.ide.mcu.externaltools.gnu-tools-for-stm32.10.3-2021.10.macos64_1.0.0.202111181127/tools/bin/../lib/gcc/arm-none-eabi/10.3.1/thumb/v7e-m+fp/hard/crti.o
                0x00000000080072ec                _fini
 .fini          0x00000000080072f0        0x8 /Applications/STM32CubeIDE.app/Contents/Eclipse/plugins/com.st.stm32cube.ide.mcu.externaltools.gnu-tools-for-stm32.10.3-2021.10.macos64_1.0.0.202111181127/tools/bin/../lib/gcc/arm-none-eabi/10.3.1/thumb/v7e-m+fp/hard/crtn.o
                0x00000000080072f8                . = ALIGN (0x4)
                0x00000000080072f8                _etext = .

.vfp11_veneer   0x00000000080072f8        0x0
 .vfp11_veneer  0x00000000080072f8        0x0 linker stubs

.v4_bx          0x00000000080072f8        0x0
 .v4_bx         0x00000000080072f8        0x0 linker stubs

.iplt           0x00000000080072f8        0x0
 .iplt          0x00000000080072f8        0x0 /Applications/STM32CubeIDE.app/Contents/Eclipse/plugins/com.st.stm32cube.ide.mcu.externaltools.gnu-tools-for-stm32.10.3-2021.10.macos64_1.0.0.202111181127/tools/bin/../lib/gcc/arm-none-eabi/10.3.1/thumb/v7e-m+fp/hard/crtbegin.o

.rodata         0x00000000080072f8       0x60
                0x00000000080072f8                . = ALIGN (0x4)
 *(.rodata)
 .rodata        0x00000000080072f8       0x46 ./USB_DEVICE/App/usbd_desc.o
 *(.rodata*)
 *fill*         0x000000000800733e        0x2 
 .rodata.AHBPrescTable
                0x0000000008007340       0x10 ./Core/Src/system_stm32f4xx.o
                0x0000000008007340                AHBPrescTable
 .rodata.APBPrescTable
                0x0000000008007350        0x8 ./Core/Src/system_stm32f4xx.o
                0x0000000008007350                APBPrescTable
                0x0000000008007358                . = ALIGN (0x4)

.ARM.extab      0x0000000008007358        0x0
                0x0000000008007358                . = ALIGN (0x4)
 *(.ARM.extab* .gnu.linkonce.armextab.*)
                0x0000000008007358                . = ALIGN (0x4)

.ARM            0x0000000008007358        0x8
                0x0000000008007358                . = ALIGN (0x4)
                0x0000000008007358                __exidx_start = .
 *(.ARM.exidx*)
 .ARM.exidx     0x0000000008007358        0x8 /Applications/STM32CubeIDE.app/Contents/Eclipse/plugins/com.st.stm32cube.ide.mcu.externaltools.gnu-tools-for-stm32.10.3-2021.10.macos64_1.0.0.202111181127/tools/bin/../lib/gcc/arm-none-eabi/10.3.1/thumb/v7e-m+fp/hard/libgcc.a(_udivmoddi4.o)
                0x0000000008007360                __exidx_end = .
                0x0000000008007360                . = ALIGN (0x4)

.rel.dyn        0x0000000008007360        0x0
 .rel.iplt      0x0000000008007360        0x0 /Applications/STM32CubeIDE.app/Contents/Eclipse/plugins/com.st.stm32cube.ide.mcu.externaltools.gnu-tools-for-stm32.10.3-2021.10.macos64_1.0.0.202111181127/tools/bin/../lib/gcc/arm-none-eabi/10.3.1/thumb/v7e-m+fp/hard/crtbegin.o

.preinit_array  0x0000000008007360        0x0
                0x0000000008007360                . = ALIGN (0x4)
                0x0000000008007360                PROVIDE (__preinit_array_start = .)
 *(.preinit_array*)
                0x0000000008007360                PROVIDE (__preinit_array_end = .)
                0x0000000008007360                . = ALIGN (0x4)

.init_array     0x0000000008007360        0x4
                0x0000000008007360                . = ALIGN (0x4)
                0x0000000008007360                PROVIDE (__init_array_start = .)
 *(SORT_BY_NAME(.init_array.*))
 *(.init_array*)
 .init_array    0x0000000008007360        0x4 /Applications/STM32CubeIDE.app/Contents/Eclipse/plugins/com.st.stm32cube.ide.mcu.externaltools.gnu-tools-for-stm32.10.3-2021.10.macos64_1.0.0.202111181127/tools/bin/../lib/gcc/arm-none-eabi/10.3.1/thumb/v7e-m+fp/hard/crtbegin.o
                0x0000000008007364                PROVIDE (__init_array_end = .)
                0x0000000008007364                . = ALIGN (0x4)

.fini_array     0x0000000008007364        0x4
                0x0000000008007364                . = ALIGN (0x4)
                [!provide]                        PROVIDE (__fini_array_start = .)
 *(SORT_BY_NAME(.fini_array.*))
 *(.fini_array*)
 .fini_array    0x0000000008007364        0x4 /Applications/STM32CubeIDE.app/Contents/Eclipse/plugins/com.st.stm32cube.ide.mcu.externaltools.gnu-tools-for-stm32.10.3-2021.10.macos64_1.0.0.202111181127/tools/bin/../lib/gcc/arm-none-eabi/10.3.1/thumb/v7e-m+fp/hard/crtbegin.o
                [!provide]                        PROVIDE (__fini_array_end = .)
                0x0000000008007368                . = ALIGN (0x4)
                0x0000000008007368                _sidata = LOADADDR (.data)

.data           0x0000000020000000      0x15c load address 0x0000000008007368
                0x0000000020000000                . = ALIGN (0x4)
                0x0000000020000000                _sdata = .
 *(.data)
 *(.data*)
 .data.FW_RIGHT
                0x0000000020000000       0x18 ./Core/Src/main.o
                0x0000000020000000                FW_RIGHT
 .data.BW_RIGHT
                0x0000000020000018       0x18 ./Core/Src/main.o
                0x0000000020000018                BW_RIGHT
 .data.FW_LEFT  0x0000000020000030       0x18 ./Core/Src/main.o
                0x0000000020000030                FW_LEFT
 .data.BW_LEFT  0x0000000020000048       0x18 ./Core/Src/main.o
                0x0000000020000048                BW_LEFT
 .data.SystemCoreClock
                0x0000000020000060        0x4 ./Core/Src/system_stm32f4xx.o
                0x0000000020000060                SystemCoreClock
 .data.uwTickPrio
                0x0000000020000064        0x4 ./Drivers/STM32F4xx_HAL_Driver/Src/stm32f4xx_hal.o
                0x0000000020000064                uwTickPrio
 .data.uwTickFreq
                0x0000000020000068        0x1 ./Drivers/STM32F4xx_HAL_Driver/Src/stm32f4xx_hal.o
                0x0000000020000068                uwTickFreq
 *fill*         0x0000000020000069        0x3 
 .data.USBD_CDC_DeviceQualifierDesc
                0x000000002000006c        0xa ./Middlewares/ST/STM32_USB_Device_Library/Class/CDC/Src/usbd_cdc.o
 *fill*         0x0000000020000076        0x2 
 .data.USBD_CDC
                0x0000000020000078       0x38 ./Middlewares/ST/STM32_USB_Device_Library/Class/CDC/Src/usbd_cdc.o
                0x0000000020000078                USBD_CDC
 .data.USBD_CDC_CfgDesc
                0x00000000200000b0       0x43 ./Middlewares/ST/STM32_USB_Device_Library/Class/CDC/Src/usbd_cdc.o
 .data.CDCInEpAdd
                0x00000000200000f3        0x1 ./Middlewares/ST/STM32_USB_Device_Library/Class/CDC/Src/usbd_cdc.o
 .data.CDCOutEpAdd
                0x00000000200000f4        0x1 ./Middlewares/ST/STM32_USB_Device_Library/Class/CDC/Src/usbd_cdc.o
 .data.CDCCmdEpAdd
                0x00000000200000f5        0x1 ./Middlewares/ST/STM32_USB_Device_Library/Class/CDC/Src/usbd_cdc.o
 *fill*         0x00000000200000f6        0x2 
 .data.USBD_Interface_fops_FS
                0x00000000200000f8       0x14 ./USB_DEVICE/App/usbd_cdc_if.o
                0x00000000200000f8                USBD_Interface_fops_FS
 .data.FS_Desc  0x000000002000010c       0x1c ./USB_DEVICE/App/usbd_desc.o
                0x000000002000010c                FS_Desc
 .data.USBD_FS_DeviceDesc
                0x0000000020000128       0x12 ./USB_DEVICE/App/usbd_desc.o
                0x0000000020000128                USBD_FS_DeviceDesc
 *fill*         0x000000002000013a        0x2 
 .data.USBD_LangIDDesc
                0x000000002000013c        0x4 ./USB_DEVICE/App/usbd_desc.o
                0x000000002000013c                USBD_LangIDDesc
 .data.USBD_StringSerial
                0x0000000020000140       0x1a ./USB_DEVICE/App/usbd_desc.o
                0x0000000020000140                USBD_StringSerial
 *(.RamFunc)
 *(.RamFunc*)
                0x000000002000015c                . = ALIGN (0x4)
 *fill*         0x000000002000015a        0x2 
                0x000000002000015c                _edata = .

.igot.plt       0x000000002000015c        0x0 load address 0x00000000080074c4
 .igot.plt      0x000000002000015c        0x0 /Applications/STM32CubeIDE.app/Contents/Eclipse/plugins/com.st.stm32cube.ide.mcu.externaltools.gnu-tools-for-stm32.10.3-2021.10.macos64_1.0.0.202111181127/tools/bin/../lib/gcc/arm-none-eabi/10.3.1/thumb/v7e-m+fp/hard/crtbegin.o
                0x000000002000015c                . = ALIGN (0x4)

.bss            0x000000002000015c     0x1c80 load address 0x00000000080074c4
                0x000000002000015c                _sbss = .
                0x000000002000015c                __bss_start__ = _sbss
 *(.bss)
 .bss           0x000000002000015c       0x1c /Applications/STM32CubeIDE.app/Contents/Eclipse/plugins/com.st.stm32cube.ide.mcu.externaltools.gnu-tools-for-stm32.10.3-2021.10.macos64_1.0.0.202111181127/tools/bin/../lib/gcc/arm-none-eabi/10.3.1/thumb/v7e-m+fp/hard/crtbegin.o
 *(.bss*)
 .bss.hi2c1     0x0000000020000178       0x54 ./Core/Src/main.o
                0x0000000020000178                hi2c1
 .bss.uwTick    0x00000000200001cc        0x4 ./Drivers/STM32F4xx_HAL_Driver/Src/stm32f4xx_hal.o
                0x00000000200001cc                uwTick
 .bss.cfgidx.0  0x00000000200001d0        0x1 ./Middlewares/ST/STM32_USB_Device_Library/Core/Src/usbd_ctlreq.o
 *fill*         0x00000000200001d1        0x3 
 .bss.hUsbDeviceFS
                0x00000000200001d4      0x2dc ./USB_DEVICE/App/usb_device.o
                0x00000000200001d4                hUsbDeviceFS
 .bss.UserRxBufferFS
                0x00000000200004b0      0x800 ./USB_DEVICE/App/usbd_cdc_if.o
                0x00000000200004b0                UserRxBufferFS
 .bss.UserTxBufferFS
                0x0000000020000cb0      0x800 ./USB_DEVICE/App/usbd_cdc_if.o
                0x0000000020000cb0                UserTxBufferFS
 .bss.USBD_StrDesc
                0x00000000200014b0      0x200 ./USB_DEVICE/App/usbd_desc.o
                0x00000000200014b0                USBD_StrDesc
 .bss.hpcd_USB_OTG_FS
                0x00000000200016b0      0x50c ./USB_DEVICE/Target/usbd_conf.o
                0x00000000200016b0                hpcd_USB_OTG_FS
 .bss.mem.0     0x0000000020001bbc      0x220 ./USB_DEVICE/Target/usbd_conf.o
 *(COMMON)
                0x0000000020001ddc                . = ALIGN (0x4)
                0x0000000020001ddc                _ebss = .
                0x0000000020001ddc                __bss_end__ = _ebss

._user_heap_stack
                0x0000000020001ddc      0x604 load address 0x00000000080074c4
                0x0000000020001de0                . = ALIGN (0x8)
 *fill*         0x0000000020001ddc        0x4 
                [!provide]                        PROVIDE (end = .)
                0x0000000020001de0                PROVIDE (_end = .)
                0x0000000020001fe0                . = (. + _Min_Heap_Size)
 *fill*         0x0000000020001de0      0x200 
                0x00000000200023e0                . = (. + _Min_Stack_Size)
 *fill*         0x0000000020001fe0      0x400 
                0x00000000200023e0                . = ALIGN (0x8)

/DISCARD/
 libc.a(*)
 libm.a(*)
 libgcc.a(*)

.ARM.attributes
                0x0000000000000000       0x30
 *(.ARM.attributes)
 .ARM.attributes
                0x0000000000000000       0x1e /Applications/STM32CubeIDE.app/Contents/Eclipse/plugins/com.st.stm32cube.ide.mcu.externaltools.gnu-tools-for-stm32.10.3-2021.10.macos64_1.0.0.202111181127/tools/bin/../lib/gcc/arm-none-eabi/10.3.1/thumb/v7e-m+fp/hard/crti.o
 .ARM.attributes
                0x000000000000001e       0x34 /Applications/STM32CubeIDE.app/Contents/Eclipse/plugins/com.st.stm32cube.ide.mcu.externaltools.gnu-tools-for-stm32.10.3-2021.10.macos64_1.0.0.202111181127/tools/bin/../lib/gcc/arm-none-eabi/10.3.1/thumb/v7e-m+fp/hard/crtbegin.o
 .ARM.attributes
                0x0000000000000052       0x34 ./Core/Src/main.o
 .ARM.attributes
                0x0000000000000086       0x34 ./Core/Src/motors.o
 .ARM.attributes
                0x00000000000000ba       0x34 ./Core/Src/stm32f4xx_hal_msp.o
 .ARM.attributes
                0x00000000000000ee       0x34 ./Core/Src/stm32f4xx_it.o
 .ARM.attributes
                0x0000000000000122       0x34 ./Core/Src/system_stm32f4xx.o
 .ARM.attributes
                0x0000000000000156       0x21 ./Core/Startup/startup_stm32f401cdux.o
 .ARM.attributes
                0x0000000000000177       0x34 ./Drivers/STM32F4xx_HAL_Driver/Src/stm32f4xx_hal.o
 .ARM.attributes
                0x00000000000001ab       0x34 ./Drivers/STM32F4xx_HAL_Driver/Src/stm32f4xx_hal_cortex.o
 .ARM.attributes
                0x00000000000001df       0x34 ./Drivers/STM32F4xx_HAL_Driver/Src/stm32f4xx_hal_gpio.o
 .ARM.attributes
                0x0000000000000213       0x34 ./Drivers/STM32F4xx_HAL_Driver/Src/stm32f4xx_hal_i2c.o
 .ARM.attributes
                0x0000000000000247       0x34 ./Drivers/STM32F4xx_HAL_Driver/Src/stm32f4xx_hal_pcd.o
 .ARM.attributes
                0x000000000000027b       0x34 ./Drivers/STM32F4xx_HAL_Driver/Src/stm32f4xx_hal_pcd_ex.o
 .ARM.attributes
                0x00000000000002af       0x34 ./Drivers/STM32F4xx_HAL_Driver/Src/stm32f4xx_hal_rcc.o
 .ARM.attributes
                0x00000000000002e3       0x34 ./Drivers/STM32F4xx_HAL_Driver/Src/stm32f4xx_ll_usb.o
 .ARM.attributes
                0x0000000000000317       0x34 ./Middlewares/ST/STM32_USB_Device_Library/Class/CDC/Src/usbd_cdc.o
 .ARM.attributes
                0x000000000000034b       0x34 ./Middlewares/ST/STM32_USB_Device_Library/Core/Src/usbd_core.o
 .ARM.attributes
                0x000000000000037f       0x34 ./Middlewares/ST/STM32_USB_Device_Library/Core/Src/usbd_ctlreq.o
 .ARM.attributes
                0x00000000000003b3       0x34 ./Middlewares/ST/STM32_USB_Device_Library/Core/Src/usbd_ioreq.o
 .ARM.attributes
                0x00000000000003e7       0x34 ./USB_DEVICE/App/usb_device.o
 .ARM.attributes
                0x000000000000041b       0x34 ./USB_DEVICE/App/usbd_cdc_if.o
 .ARM.attributes
                0x000000000000044f       0x34 ./USB_DEVICE/App/usbd_desc.o
 .ARM.attributes
                0x0000000000000483       0x34 ./USB_DEVICE/Target/usbd_conf.o
 .ARM.attributes
                0x00000000000004b7       0x34 /Applications/STM32CubeIDE.app/Contents/Eclipse/plugins/com.st.stm32cube.ide.mcu.externaltools.gnu-tools-for-stm32.10.3-2021.10.macos64_1.0.0.202111181127/tools/bin/../lib/gcc/arm-none-eabi/10.3.1/../../../../arm-none-eabi/lib/thumb/v7e-m+fp/hard/libc_nano.a(lib_a-init.o)
 .ARM.attributes
                0x00000000000004eb       0x34 /Applications/STM32CubeIDE.app/Contents/Eclipse/plugins/com.st.stm32cube.ide.mcu.externaltools.gnu-tools-for-stm32.10.3-2021.10.macos64_1.0.0.202111181127/tools/bin/../lib/gcc/arm-none-eabi/10.3.1/../../../../arm-none-eabi/lib/thumb/v7e-m+fp/hard/libc_nano.a(lib_a-memset.o)
 .ARM.attributes
                0x000000000000051f       0x1e /Applications/STM32CubeIDE.app/Contents/Eclipse/plugins/com.st.stm32cube.ide.mcu.externaltools.gnu-tools-for-stm32.10.3-2021.10.macos64_1.0.0.202111181127/tools/bin/../lib/gcc/arm-none-eabi/10.3.1/thumb/v7e-m+fp/hard/libgcc.a(_aeabi_uldivmod.o)
 .ARM.attributes
                0x000000000000053d       0x34 /Applications/STM32CubeIDE.app/Contents/Eclipse/plugins/com.st.stm32cube.ide.mcu.externaltools.gnu-tools-for-stm32.10.3-2021.10.macos64_1.0.0.202111181127/tools/bin/../lib/gcc/arm-none-eabi/10.3.1/thumb/v7e-m+fp/hard/libgcc.a(_udivmoddi4.o)
 .ARM.attributes
                0x0000000000000571       0x1e /Applications/STM32CubeIDE.app/Contents/Eclipse/plugins/com.st.stm32cube.ide.mcu.externaltools.gnu-tools-for-stm32.10.3-2021.10.macos64_1.0.0.202111181127/tools/bin/../lib/gcc/arm-none-eabi/10.3.1/thumb/v7e-m+fp/hard/libgcc.a(_dvmd_tls.o)
 .ARM.attributes
                0x000000000000058f       0x1e /Applications/STM32CubeIDE.app/Contents/Eclipse/plugins/com.st.stm32cube.ide.mcu.externaltools.gnu-tools-for-stm32.10.3-2021.10.macos64_1.0.0.202111181127/tools/bin/../lib/gcc/arm-none-eabi/10.3.1/thumb/v7e-m+fp/hard/crtn.o
OUTPUT(BattleBot_B0.elf elf32-littlearm)
LOAD linker stubs
LOAD /Applications/STM32CubeIDE.app/Contents/Eclipse/plugins/com.st.stm32cube.ide.mcu.externaltools.gnu-tools-for-stm32.10.3-2021.10.macos64_1.0.0.202111181127/tools/bin/../lib/gcc/arm-none-eabi/10.3.1/../../../../arm-none-eabi/lib/thumb/v7e-m+fp/hard/libc.a
LOAD /Applications/STM32CubeIDE.app/Contents/Eclipse/plugins/com.st.stm32cube.ide.mcu.externaltools.gnu-tools-for-stm32.10.3-2021.10.macos64_1.0.0.202111181127/tools/bin/../lib/gcc/arm-none-eabi/10.3.1/../../../../arm-none-eabi/lib/thumb/v7e-m+fp/hard/libm.a
LOAD /Applications/STM32CubeIDE.app/Contents/Eclipse/plugins/com.st.stm32cube.ide.mcu.externaltools.gnu-tools-for-stm32.10.3-2021.10.macos64_1.0.0.202111181127/tools/bin/../lib/gcc/arm-none-eabi/10.3.1/thumb/v7e-m+fp/hard/libgcc.a

.debug_info     0x0000000000000000    0x11405
 .debug_info    0x0000000000000000      0xe05 ./Core/Src/main.o
 .debug_info    0x0000000000000e05      0x2d3 ./Core/Src/motors.o
 .debug_info    0x00000000000010d8      0xa0b ./Core/Src/stm32f4xx_hal_msp.o
 .debug_info    0x0000000000001ae3      0x650 ./Core/Src/stm32f4xx_it.o
 .debug_info    0x0000000000002133      0x54f ./Core/Src/system_stm32f4xx.o
 .debug_info    0x0000000000002682       0x22 ./Core/Startup/startup_stm32f401cdux.o
 .debug_info    0x00000000000026a4      0x906 ./Drivers/STM32F4xx_HAL_Driver/Src/stm32f4xx_hal.o
 .debug_info    0x0000000000002faa      0xd85 ./Drivers/STM32F4xx_HAL_Driver/Src/stm32f4xx_hal_cortex.o
 .debug_info    0x0000000000003d2f      0x78e ./Drivers/STM32F4xx_HAL_Driver/Src/stm32f4xx_hal_gpio.o
 .debug_info    0x00000000000044bd     0x260f ./Drivers/STM32F4xx_HAL_Driver/Src/stm32f4xx_hal_i2c.o
 .debug_info    0x0000000000006acc     0x168d ./Drivers/STM32F4xx_HAL_Driver/Src/stm32f4xx_hal_pcd.o
 .debug_info    0x0000000000008159      0x717 ./Drivers/STM32F4xx_HAL_Driver/Src/stm32f4xx_hal_pcd_ex.o
 .debug_info    0x0000000000008870      0x98c ./Drivers/STM32F4xx_HAL_Driver/Src/stm32f4xx_hal_rcc.o
 .debug_info    0x00000000000091fc     0x1a97 ./Drivers/STM32F4xx_HAL_Driver/Src/stm32f4xx_ll_usb.o
 .debug_info    0x000000000000ac93     0x130c ./Middlewares/ST/STM32_USB_Device_Library/Class/CDC/Src/usbd_cdc.o
 .debug_info    0x000000000000bf9f      0xee7 ./Middlewares/ST/STM32_USB_Device_Library/Core/Src/usbd_core.o
 .debug_info    0x000000000000ce86      0xb7f ./Middlewares/ST/STM32_USB_Device_Library/Core/Src/usbd_ctlreq.o
 .debug_info    0x000000000000da05      0x7da ./Middlewares/ST/STM32_USB_Device_Library/Core/Src/usbd_ioreq.o
 .debug_info    0x000000000000e1df      0x76a ./USB_DEVICE/App/usb_device.o
 .debug_info    0x000000000000e949      0x96f ./USB_DEVICE/App/usbd_cdc_if.o
 .debug_info    0x000000000000f2b8      0x498 ./USB_DEVICE/App/usbd_desc.o
 .debug_info    0x000000000000f750     0x1cb5 ./USB_DEVICE/Target/usbd_conf.o

.debug_abbrev   0x0000000000000000     0x2ddd
 .debug_abbrev  0x0000000000000000      0x26b ./Core/Src/main.o
 .debug_abbrev  0x000000000000026b      0x16e ./Core/Src/motors.o
 .debug_abbrev  0x00000000000003d9      0x194 ./Core/Src/stm32f4xx_hal_msp.o
 .debug_abbrev  0x000000000000056d      0x199 ./Core/Src/stm32f4xx_it.o
 .debug_abbrev  0x0000000000000706      0x116 ./Core/Src/system_stm32f4xx.o
 .debug_abbrev  0x000000000000081c       0x12 ./Core/Startup/startup_stm32f401cdux.o
 .debug_abbrev  0x000000000000082e      0x23e ./Drivers/STM32F4xx_HAL_Driver/Src/stm32f4xx_hal.o
 .debug_abbrev  0x0000000000000a6c      0x316 ./Drivers/STM32F4xx_HAL_Driver/Src/stm32f4xx_hal_cortex.o
 .debug_abbrev  0x0000000000000d82      0x1c4 ./Drivers/STM32F4xx_HAL_Driver/Src/stm32f4xx_hal_gpio.o
 .debug_abbrev  0x0000000000000f46      0x2a8 ./Drivers/STM32F4xx_HAL_Driver/Src/stm32f4xx_hal_i2c.o
 .debug_abbrev  0x00000000000011ee      0x2bb ./Drivers/STM32F4xx_HAL_Driver/Src/stm32f4xx_hal_pcd.o
 .debug_abbrev  0x00000000000014a9      0x1ce ./Drivers/STM32F4xx_HAL_Driver/Src/stm32f4xx_hal_pcd_ex.o
 .debug_abbrev  0x0000000000001677      0x2aa ./Drivers/STM32F4xx_HAL_Driver/Src/stm32f4xx_hal_rcc.o
 .debug_abbrev  0x0000000000001921      0x296 ./Drivers/STM32F4xx_HAL_Driver/Src/stm32f4xx_ll_usb.o
 .debug_abbrev  0x0000000000001bb7      0x2be ./Middlewares/ST/STM32_USB_Device_Library/Class/CDC/Src/usbd_cdc.o
 .debug_abbrev  0x0000000000001e75      0x263 ./Middlewares/ST/STM32_USB_Device_Library/Core/Src/usbd_core.o
 .debug_abbrev  0x00000000000020d8      0x25c ./Middlewares/ST/STM32_USB_Device_Library/Core/Src/usbd_ctlreq.o
 .debug_abbrev  0x0000000000002334      0x18a ./Middlewares/ST/STM32_USB_Device_Library/Core/Src/usbd_ioreq.o
 .debug_abbrev  0x00000000000024be      0x18a ./USB_DEVICE/App/usb_device.o
 .debug_abbrev  0x0000000000002648      0x290 ./USB_DEVICE/App/usbd_cdc_if.o
 .debug_abbrev  0x00000000000028d8      0x1da ./USB_DEVICE/App/usbd_desc.o
 .debug_abbrev  0x0000000000002ab2      0x32b ./USB_DEVICE/Target/usbd_conf.o

.debug_aranges  0x0000000000000000      0xe28
 .debug_aranges
                0x0000000000000000       0x40 ./Core/Src/main.o
 .debug_aranges
                0x0000000000000040       0x38 ./Core/Src/motors.o
 .debug_aranges
                0x0000000000000078       0x30 ./Core/Src/stm32f4xx_hal_msp.o
 .debug_aranges
                0x00000000000000a8       0x68 ./Core/Src/stm32f4xx_it.o
 .debug_aranges
                0x0000000000000110       0x28 ./Core/Src/system_stm32f4xx.o
 .debug_aranges
                0x0000000000000138       0x28 ./Core/Startup/startup_stm32f401cdux.o
 .debug_aranges
                0x0000000000000160       0xf0 ./Drivers/STM32F4xx_HAL_Driver/Src/stm32f4xx_hal.o
 .debug_aranges
                0x0000000000000250      0x118 ./Drivers/STM32F4xx_HAL_Driver/Src/stm32f4xx_hal_cortex.o
 .debug_aranges
                0x0000000000000368       0x58 ./Drivers/STM32F4xx_HAL_Driver/Src/stm32f4xx_hal_gpio.o
 .debug_aranges
                0x00000000000003c0      0x2a0 ./Drivers/STM32F4xx_HAL_Driver/Src/stm32f4xx_hal_i2c.o
 .debug_aranges
                0x0000000000000660      0x148 ./Drivers/STM32F4xx_HAL_Driver/Src/stm32f4xx_hal_pcd.o
 .debug_aranges
                0x00000000000007a8       0x38 ./Drivers/STM32F4xx_HAL_Driver/Src/stm32f4xx_hal_pcd_ex.o
 .debug_aranges
                0x00000000000007e0       0x88 ./Drivers/STM32F4xx_HAL_Driver/Src/stm32f4xx_hal_rcc.o
 .debug_aranges
                0x0000000000000868      0x1a0 ./Drivers/STM32F4xx_HAL_Driver/Src/stm32f4xx_ll_usb.o
 .debug_aranges
                0x0000000000000a08       0x90 ./Middlewares/ST/STM32_USB_Device_Library/Class/CDC/Src/usbd_cdc.o
 .debug_aranges
                0x0000000000000a98       0xd8 ./Middlewares/ST/STM32_USB_Device_Library/Core/Src/usbd_core.o
 .debug_aranges
                0x0000000000000b70       0x90 ./Middlewares/ST/STM32_USB_Device_Library/Core/Src/usbd_ctlreq.o
 .debug_aranges
                0x0000000000000c00       0x50 ./Middlewares/ST/STM32_USB_Device_Library/Core/Src/usbd_ioreq.o
 .debug_aranges
                0x0000000000000c50       0x20 ./USB_DEVICE/App/usb_device.o
 .debug_aranges
                0x0000000000000c70       0x48 ./USB_DEVICE/App/usbd_cdc_if.o
 .debug_aranges
                0x0000000000000cb8       0x60 ./USB_DEVICE/App/usbd_desc.o
 .debug_aranges
                0x0000000000000d18      0x110 ./USB_DEVICE/Target/usbd_conf.o

.debug_ranges   0x0000000000000000      0xce8
 .debug_ranges  0x0000000000000000       0x30 ./Core/Src/main.o
 .debug_ranges  0x0000000000000030       0x28 ./Core/Src/motors.o
 .debug_ranges  0x0000000000000058       0x20 ./Core/Src/stm32f4xx_hal_msp.o
 .debug_ranges  0x0000000000000078       0x58 ./Core/Src/stm32f4xx_it.o
 .debug_ranges  0x00000000000000d0       0x18 ./Core/Src/system_stm32f4xx.o
 .debug_ranges  0x00000000000000e8       0x20 ./Core/Startup/startup_stm32f401cdux.o
 .debug_ranges  0x0000000000000108       0xe0 ./Drivers/STM32F4xx_HAL_Driver/Src/stm32f4xx_hal.o
 .debug_ranges  0x00000000000001e8      0x108 ./Drivers/STM32F4xx_HAL_Driver/Src/stm32f4xx_hal_cortex.o
 .debug_ranges  0x00000000000002f0       0x48 ./Drivers/STM32F4xx_HAL_Driver/Src/stm32f4xx_hal_gpio.o
 .debug_ranges  0x0000000000000338      0x2a8 ./Drivers/STM32F4xx_HAL_Driver/Src/stm32f4xx_hal_i2c.o
 .debug_ranges  0x00000000000005e0      0x138 ./Drivers/STM32F4xx_HAL_Driver/Src/stm32f4xx_hal_pcd.o
 .debug_ranges  0x0000000000000718       0x28 ./Drivers/STM32F4xx_HAL_Driver/Src/stm32f4xx_hal_pcd_ex.o
 .debug_ranges  0x0000000000000740       0x78 ./Drivers/STM32F4xx_HAL_Driver/Src/stm32f4xx_hal_rcc.o
 .debug_ranges  0x00000000000007b8      0x190 ./Drivers/STM32F4xx_HAL_Driver/Src/stm32f4xx_ll_usb.o
 .debug_ranges  0x0000000000000948       0x80 ./Middlewares/ST/STM32_USB_Device_Library/Class/CDC/Src/usbd_cdc.o
 .debug_ranges  0x00000000000009c8       0xc8 ./Middlewares/ST/STM32_USB_Device_Library/Core/Src/usbd_core.o
 .debug_ranges  0x0000000000000a90       0x80 ./Middlewares/ST/STM32_USB_Device_Library/Core/Src/usbd_ctlreq.o
 .debug_ranges  0x0000000000000b10       0x40 ./Middlewares/ST/STM32_USB_Device_Library/Core/Src/usbd_ioreq.o
 .debug_ranges  0x0000000000000b50       0x10 ./USB_DEVICE/App/usb_device.o
 .debug_ranges  0x0000000000000b60       0x38 ./USB_DEVICE/App/usbd_cdc_if.o
 .debug_ranges  0x0000000000000b98       0x50 ./USB_DEVICE/App/usbd_desc.o
 .debug_ranges  0x0000000000000be8      0x100 ./USB_DEVICE/Target/usbd_conf.o

.debug_macro    0x0000000000000000    0x18a45
 .debug_macro   0x0000000000000000      0x42b ./Core/Src/main.o
 .debug_macro   0x000000000000042b      0xa78 ./Core/Src/main.o
 .debug_macro   0x0000000000000ea3      0x29b ./Core/Src/main.o
 .debug_macro   0x000000000000113e       0x2e ./Core/Src/main.o
 .debug_macro   0x000000000000116c       0x28 ./Core/Src/main.o
 .debug_macro   0x0000000000001194       0x22 ./Core/Src/main.o
 .debug_macro   0x00000000000011b6       0x8e ./Core/Src/main.o
 .debug_macro   0x0000000000001244       0x51 ./Core/Src/main.o
 .debug_macro   0x0000000000001295      0x103 ./Core/Src/main.o
 .debug_macro   0x0000000000001398       0x6a ./Core/Src/main.o
 .debug_macro   0x0000000000001402      0x1df ./Core/Src/main.o
 .debug_macro   0x00000000000015e1       0x1c ./Core/Src/main.o
 .debug_macro   0x00000000000015fd       0x22 ./Core/Src/main.o
 .debug_macro   0x000000000000161f       0xd9 ./Core/Src/main.o
 .debug_macro   0x00000000000016f8     0x102d ./Core/Src/main.o
 .debug_macro   0x0000000000002725      0x11f ./Core/Src/main.o
 .debug_macro   0x0000000000002844     0xb86c ./Core/Src/main.o
 .debug_macro   0x000000000000e0b0       0x6d ./Core/Src/main.o
 .debug_macro   0x000000000000e11d     0x367e ./Core/Src/main.o
 .debug_macro   0x000000000001179b      0x174 ./Core/Src/main.o
 .debug_macro   0x000000000001190f       0x5c ./Core/Src/main.o
 .debug_macro   0x000000000001196b      0x416 ./Core/Src/main.o
 .debug_macro   0x0000000000011d81      0x9fe ./Core/Src/main.o
 .debug_macro   0x000000000001277f      0x115 ./Core/Src/main.o
 .debug_macro   0x0000000000012894       0xf8 ./Core/Src/main.o
 .debug_macro   0x000000000001298c       0xa5 ./Core/Src/main.o
 .debug_macro   0x0000000000012a31      0x15f ./Core/Src/main.o
 .debug_macro   0x0000000000012b90      0x287 ./Core/Src/main.o
 .debug_macro   0x0000000000012e17       0x5f ./Core/Src/main.o
 .debug_macro   0x0000000000012e76      0x236 ./Core/Src/main.o
 .debug_macro   0x00000000000130ac      0x132 ./Core/Src/main.o
 .debug_macro   0x00000000000131de      0x264 ./Core/Src/main.o
 .debug_macro   0x0000000000013442       0x2e ./Core/Src/main.o
 .debug_macro   0x0000000000013470      0x1b5 ./Core/Src/main.o
 .debug_macro   0x0000000000013625       0x22 ./Core/Src/main.o
 .debug_macro   0x0000000000013647       0xd6 ./Core/Src/main.o
 .debug_macro   0x000000000001371d      0x11a ./Core/Src/main.o
 .debug_macro   0x0000000000013837       0x85 ./Core/Src/main.o
 .debug_macro   0x00000000000138bc       0x89 ./Core/Src/main.o
 .debug_macro   0x0000000000013945      0x248 ./Core/Src/main.o
 .debug_macro   0x0000000000013b8d       0xba ./Core/Src/main.o
 .debug_macro   0x0000000000013c47      0x126 ./Core/Src/main.o
 .debug_macro   0x0000000000013d6d       0xa0 ./Core/Src/main.o
 .debug_macro   0x0000000000013e0d       0x52 ./Core/Src/main.o
 .debug_macro   0x0000000000013e5f       0x1e ./Core/Src/main.o
 .debug_macro   0x0000000000013e7d       0x3c ./Core/Src/main.o
 .debug_macro   0x0000000000013eb9       0x34 ./Core/Src/main.o
 .debug_macro   0x0000000000013eed       0x16 ./Core/Src/main.o
 .debug_macro   0x0000000000013f03       0x35 ./Core/Src/main.o
 .debug_macro   0x0000000000013f38      0x341 ./Core/Src/main.o
 .debug_macro   0x0000000000014279       0x10 ./Core/Src/main.o
 .debug_macro   0x0000000000014289       0x16 ./Core/Src/main.o
 .debug_macro   0x000000000001429f       0x43 ./Core/Src/main.o
 .debug_macro   0x00000000000142e2       0x34 ./Core/Src/main.o
 .debug_macro   0x0000000000014316       0x10 ./Core/Src/main.o
 .debug_macro   0x0000000000014326       0x58 ./Core/Src/main.o
 .debug_macro   0x000000000001437e       0x71 ./Core/Src/main.o
 .debug_macro   0x00000000000143ef       0x1c ./Core/Src/main.o
 .debug_macro   0x000000000001440b      0x12a ./Core/Src/main.o
 .debug_macro   0x0000000000014535       0x10 ./Core/Src/main.o
 .debug_macro   0x0000000000014545       0x1c ./Core/Src/main.o
 .debug_macro   0x0000000000014561       0x52 ./Core/Src/main.o
 .debug_macro   0x00000000000145b3       0x22 ./Core/Src/main.o
 .debug_macro   0x00000000000145d5       0x10 ./Core/Src/main.o
 .debug_macro   0x00000000000145e5       0x52 ./Core/Src/main.o
 .debug_macro   0x0000000000014637       0xd5 ./Core/Src/main.o
 .debug_macro   0x000000000001470c       0x1c ./Core/Src/main.o
 .debug_macro   0x0000000000014728       0x3d ./Core/Src/main.o
 .debug_macro   0x0000000000014765       0x16 ./Core/Src/main.o
 .debug_macro   0x000000000001477b      0x145 ./Core/Src/main.o
 .debug_macro   0x00000000000148c0       0x16 ./Core/Src/main.o
 .debug_macro   0x00000000000148d6       0x16 ./Core/Src/main.o
 .debug_macro   0x00000000000148ec       0x29 ./Core/Src/main.o
 .debug_macro   0x0000000000014915       0x16 ./Core/Src/main.o
 .debug_macro   0x000000000001492b       0x20 ./Core/Src/main.o
 .debug_macro   0x000000000001494b       0x65 ./Core/Src/main.o
 .debug_macro   0x00000000000149b0      0x20f ./Core/Src/main.o
 .debug_macro   0x0000000000014bbf      0x206 ./Core/Src/motors.o
 .debug_macro   0x0000000000014dc5      0x1fc ./Core/Src/stm32f4xx_hal_msp.o
 .debug_macro   0x0000000000014fc1      0x206 ./Core/Src/stm32f4xx_it.o
 .debug_macro   0x00000000000151c7      0x1ed ./Core/Src/system_stm32f4xx.o
 .debug_macro   0x00000000000153b4      0x24d ./Drivers/STM32F4xx_HAL_Driver/Src/stm32f4xx_hal.o
 .debug_macro   0x0000000000015601      0x1ed ./Drivers/STM32F4xx_HAL_Driver/Src/stm32f4xx_hal_cortex.o
 .debug_macro   0x00000000000157ee      0x1f3 ./Drivers/STM32F4xx_HAL_Driver/Src/stm32f4xx_hal_gpio.o
 .debug_macro   0x00000000000159e1      0x234 ./Drivers/STM32F4xx_HAL_Driver/Src/stm32f4xx_hal_i2c.o
 .debug_macro   0x0000000000015c15      0x1f9 ./Drivers/STM32F4xx_HAL_Driver/Src/stm32f4xx_hal_pcd.o
 .debug_macro   0x0000000000015e0e      0x1ed ./Drivers/STM32F4xx_HAL_Driver/Src/stm32f4xx_hal_pcd_ex.o
 .debug_macro   0x0000000000015ffb      0x211 ./Drivers/STM32F4xx_HAL_Driver/Src/stm32f4xx_hal_rcc.o
 .debug_macro   0x000000000001620c      0x1ed ./Drivers/STM32F4xx_HAL_Driver/Src/stm32f4xx_ll_usb.o
 .debug_macro   0x00000000000163f9      0x412 ./Middlewares/ST/STM32_USB_Device_Library/Class/CDC/Src/usbd_cdc.o
 .debug_macro   0x000000000001680b       0x97 ./Middlewares/ST/STM32_USB_Device_Library/Class/CDC/Src/usbd_cdc.o
 .debug_macro   0x00000000000168a2       0xfd ./Middlewares/ST/STM32_USB_Device_Library/Class/CDC/Src/usbd_cdc.o
 .debug_macro   0x000000000001699f       0x56 ./Middlewares/ST/STM32_USB_Device_Library/Class/CDC/Src/usbd_cdc.o
 .debug_macro   0x00000000000169f5       0x95 ./Middlewares/ST/STM32_USB_Device_Library/Class/CDC/Src/usbd_cdc.o
 .debug_macro   0x0000000000016a8a      0x3f9 ./Middlewares/ST/STM32_USB_Device_Library/Core/Src/usbd_core.o
 .debug_macro   0x0000000000016e83      0x215 ./Middlewares/ST/STM32_USB_Device_Library/Core/Src/usbd_core.o
 .debug_macro   0x0000000000017098      0x403 ./Middlewares/ST/STM32_USB_Device_Library/Core/Src/usbd_ctlreq.o
 .debug_macro   0x000000000001749b      0x3ff ./Middlewares/ST/STM32_USB_Device_Library/Core/Src/usbd_ioreq.o
 .debug_macro   0x000000000001789a      0x432 ./USB_DEVICE/App/usb_device.o
 .debug_macro   0x0000000000017ccc       0xa6 ./USB_DEVICE/App/usb_device.o
 .debug_macro   0x0000000000017d72       0x22 ./USB_DEVICE/App/usb_device.o
 .debug_macro   0x0000000000017d94       0x16 ./USB_DEVICE/App/usb_device.o
 .debug_macro   0x0000000000017daa      0x41d ./USB_DEVICE/App/usbd_cdc_if.o
 .debug_macro   0x00000000000181c7       0x10 ./USB_DEVICE/App/usbd_cdc_if.o
 .debug_macro   0x00000000000181d7      0x43c ./USB_DEVICE/App/usbd_desc.o
 .debug_macro   0x0000000000018613       0x1c ./USB_DEVICE/App/usbd_desc.o
 .debug_macro   0x000000000001862f      0x416 ./USB_DEVICE/Target/usbd_conf.o

.debug_line     0x0000000000000000    0x134a7
 .debug_line    0x0000000000000000      0xb3a ./Core/Src/main.o
 .debug_line    0x0000000000000b3a      0x76e ./Core/Src/motors.o
 .debug_line    0x00000000000012a8      0x764 ./Core/Src/stm32f4xx_hal_msp.o
 .debug_line    0x0000000000001a0c      0x7f1 ./Core/Src/stm32f4xx_it.o
 .debug_line    0x00000000000021fd      0x798 ./Core/Src/system_stm32f4xx.o
 .debug_line    0x0000000000002995       0x88 ./Core/Startup/startup_stm32f401cdux.o
 .debug_line    0x0000000000002a1d      0x9fe ./Drivers/STM32F4xx_HAL_Driver/Src/stm32f4xx_hal.o
 .debug_line    0x000000000000341b      0xcad ./Drivers/STM32F4xx_HAL_Driver/Src/stm32f4xx_hal_cortex.o
 .debug_line    0x00000000000040c8      0xb36 ./Drivers/STM32F4xx_HAL_Driver/Src/stm32f4xx_hal_gpio.o
 .debug_line    0x0000000000004bfe     0x39b3 ./Drivers/STM32F4xx_HAL_Driver/Src/stm32f4xx_hal_i2c.o
 .debug_line    0x00000000000085b1     0x14a1 ./Drivers/STM32F4xx_HAL_Driver/Src/stm32f4xx_hal_pcd.o
 .debug_line    0x0000000000009a52      0x7e1 ./Drivers/STM32F4xx_HAL_Driver/Src/stm32f4xx_hal_pcd_ex.o
 .debug_line    0x000000000000a233      0xd78 ./Drivers/STM32F4xx_HAL_Driver/Src/stm32f4xx_hal_rcc.o
 .debug_line    0x000000000000afab     0x1abb ./Drivers/STM32F4xx_HAL_Driver/Src/stm32f4xx_ll_usb.o
 .debug_line    0x000000000000ca66      0xf34 ./Middlewares/ST/STM32_USB_Device_Library/Class/CDC/Src/usbd_cdc.o
 .debug_line    0x000000000000d99a      0xfae ./Middlewares/ST/STM32_USB_Device_Library/Core/Src/usbd_core.o
 .debug_line    0x000000000000e948     0x117f ./Middlewares/ST/STM32_USB_Device_Library/Core/Src/usbd_ctlreq.o
 .debug_line    0x000000000000fac7      0xac6 ./Middlewares/ST/STM32_USB_Device_Library/Core/Src/usbd_ioreq.o
 .debug_line    0x000000000001058d      0xa82 ./USB_DEVICE/App/usb_device.o
 .debug_line    0x000000000001100f      0xae5 ./USB_DEVICE/App/usbd_cdc_if.o
 .debug_line    0x0000000000011af4      0xb4b ./USB_DEVICE/App/usbd_desc.o
 .debug_line    0x000000000001263f      0xe68 ./USB_DEVICE/Target/usbd_conf.o

.debug_str      0x0000000000000000    0x8908a
 .debug_str     0x0000000000000000    0x84e83 ./Core/Src/main.o
                                      0x851bd (size before relaxing)
 .debug_str     0x0000000000084e83       0x23 ./Core/Src/motors.o
                                      0x80021 (size before relaxing)
 .debug_str     0x0000000000084ea6       0x63 ./Core/Src/stm32f4xx_hal_msp.o
                                      0x805ab (size before relaxing)
 .debug_str     0x0000000000084f09      0x443 ./Core/Src/stm32f4xx_it.o
                                      0x80392 (size before relaxing)
 .debug_str     0x000000000008534c       0xdb ./Core/Src/system_stm32f4xx.o
                                      0x7fe13 (size before relaxing)
 .debug_str     0x0000000000085427       0x36 ./Core/Startup/startup_stm32f401cdux.o
                                         0xa5 (size before relaxing)
 .debug_str     0x000000000008545d      0x9ae ./Drivers/STM32F4xx_HAL_Driver/Src/stm32f4xx_hal.o
                                      0x80835 (size before relaxing)
 .debug_str     0x0000000000085e0b      0x34d ./Drivers/STM32F4xx_HAL_Driver/Src/stm32f4xx_hal_cortex.o
                                      0x80556 (size before relaxing)
 .debug_str     0x0000000000086158      0x10e ./Drivers/STM32F4xx_HAL_Driver/Src/stm32f4xx_hal_gpio.o
                                      0x7ff8e (size before relaxing)
 .debug_str     0x0000000000086266      0xaf2 ./Drivers/STM32F4xx_HAL_Driver/Src/stm32f4xx_hal_i2c.o
                                      0x80dd1 (size before relaxing)
 .debug_str     0x0000000000086d58      0x832 ./Drivers/STM32F4xx_HAL_Driver/Src/stm32f4xx_hal_pcd.o
                                      0x808c3 (size before relaxing)
 .debug_str     0x000000000008758a      0x115 ./Drivers/STM32F4xx_HAL_Driver/Src/stm32f4xx_hal_pcd_ex.o
                                      0x801b2 (size before relaxing)
 .debug_str     0x000000000008769f      0x1ff ./Drivers/STM32F4xx_HAL_Driver/Src/stm32f4xx_hal_rcc.o
                                      0x80247 (size before relaxing)
 .debug_str     0x000000000008789e      0x444 ./Drivers/STM32F4xx_HAL_Driver/Src/stm32f4xx_ll_usb.o
                                      0x8072b (size before relaxing)
 .debug_str     0x0000000000087ce2      0xa3b ./Middlewares/ST/STM32_USB_Device_Library/Class/CDC/Src/usbd_cdc.o
                                      0x856b8 (size before relaxing)
 .debug_str     0x000000000008871d      0x35c ./Middlewares/ST/STM32_USB_Device_Library/Core/Src/usbd_core.o
                                      0x8502e (size before relaxing)
 .debug_str     0x0000000000088a79      0x139 ./Middlewares/ST/STM32_USB_Device_Library/Core/Src/usbd_ctlreq.o
                                      0x84e59 (size before relaxing)
 .debug_str     0x0000000000088bb2       0x51 ./Middlewares/ST/STM32_USB_Device_Library/Core/Src/usbd_ioreq.o
                                      0x84d2e (size before relaxing)
 .debug_str     0x0000000000088c03      0x105 ./USB_DEVICE/App/usb_device.o
                                      0x850e1 (size before relaxing)
 .debug_str     0x0000000000088d08       0xa1 ./USB_DEVICE/App/usbd_cdc_if.o
                                      0x85121 (size before relaxing)
 .debug_str     0x0000000000088da9      0x26e ./USB_DEVICE/App/usbd_desc.o
                                      0x84c2e (size before relaxing)
 .debug_str     0x0000000000089017       0x73 ./USB_DEVICE/Target/usbd_conf.o
                                      0x85db6 (size before relaxing)

.comment        0x0000000000000000       0x50
 .comment       0x0000000000000000       0x50 ./Core/Src/main.o
                                         0x51 (size before relaxing)
 .comment       0x0000000000000050       0x51 ./Core/Src/motors.o
 .comment       0x0000000000000050       0x51 ./Core/Src/stm32f4xx_hal_msp.o
 .comment       0x0000000000000050       0x51 ./Core/Src/stm32f4xx_it.o
 .comment       0x0000000000000050       0x51 ./Core/Src/system_stm32f4xx.o
 .comment       0x0000000000000050       0x51 ./Drivers/STM32F4xx_HAL_Driver/Src/stm32f4xx_hal.o
 .comment       0x0000000000000050       0x51 ./Drivers/STM32F4xx_HAL_Driver/Src/stm32f4xx_hal_cortex.o
 .comment       0x0000000000000050       0x51 ./Drivers/STM32F4xx_HAL_Driver/Src/stm32f4xx_hal_gpio.o
 .comment       0x0000000000000050       0x51 ./Drivers/STM32F4xx_HAL_Driver/Src/stm32f4xx_hal_i2c.o
 .comment       0x0000000000000050       0x51 ./Drivers/STM32F4xx_HAL_Driver/Src/stm32f4xx_hal_pcd.o
 .comment       0x0000000000000050       0x51 ./Drivers/STM32F4xx_HAL_Driver/Src/stm32f4xx_hal_pcd_ex.o
 .comment       0x0000000000000050       0x51 ./Drivers/STM32F4xx_HAL_Driver/Src/stm32f4xx_hal_rcc.o
 .comment       0x0000000000000050       0x51 ./Drivers/STM32F4xx_HAL_Driver/Src/stm32f4xx_ll_usb.o
 .comment       0x0000000000000050       0x51 ./Middlewares/ST/STM32_USB_Device_Library/Class/CDC/Src/usbd_cdc.o
 .comment       0x0000000000000050       0x51 ./Middlewares/ST/STM32_USB_Device_Library/Core/Src/usbd_core.o
 .comment       0x0000000000000050       0x51 ./Middlewares/ST/STM32_USB_Device_Library/Core/Src/usbd_ctlreq.o
 .comment       0x0000000000000050       0x51 ./Middlewares/ST/STM32_USB_Device_Library/Core/Src/usbd_ioreq.o
 .comment       0x0000000000000050       0x51 ./USB_DEVICE/App/usb_device.o
 .comment       0x0000000000000050       0x51 ./USB_DEVICE/App/usbd_cdc_if.o
 .comment       0x0000000000000050       0x51 ./USB_DEVICE/App/usbd_desc.o
 .comment       0x0000000000000050       0x51 ./USB_DEVICE/Target/usbd_conf.o

.debug_frame    0x0000000000000000     0x39c4
 .debug_frame   0x0000000000000000       0xac ./Core/Src/main.o
 .debug_frame   0x00000000000000ac       0xa0 ./Core/Src/motors.o
 .debug_frame   0x000000000000014c       0x80 ./Core/Src/stm32f4xx_hal_msp.o
 .debug_frame   0x00000000000001cc      0x120 ./Core/Src/stm32f4xx_it.o
 .debug_frame   0x00000000000002ec       0x58 ./Core/Src/system_stm32f4xx.o
 .debug_frame   0x0000000000000344      0x374 ./Drivers/STM32F4xx_HAL_Driver/Src/stm32f4xx_hal.o
 .debug_frame   0x00000000000006b8      0x498 ./Drivers/STM32F4xx_HAL_Driver/Src/stm32f4xx_hal_cortex.o
 .debug_frame   0x0000000000000b50      0x14c ./Drivers/STM32F4xx_HAL_Driver/Src/stm32f4xx_hal_gpio.o
 .debug_frame   0x0000000000000c9c      0xc5c ./Drivers/STM32F4xx_HAL_Driver/Src/stm32f4xx_hal_i2c.o
 .debug_frame   0x00000000000018f8      0x5bc ./Drivers/STM32F4xx_HAL_Driver/Src/stm32f4xx_hal_pcd.o
 .debug_frame   0x0000000000001eb4       0xb0 ./Drivers/STM32F4xx_HAL_Driver/Src/stm32f4xx_hal_pcd_ex.o
 .debug_frame   0x0000000000001f64      0x1f4 ./Drivers/STM32F4xx_HAL_Driver/Src/stm32f4xx_hal_rcc.o
 .debug_frame   0x0000000000002158      0x7c0 ./Drivers/STM32F4xx_HAL_Driver/Src/stm32f4xx_ll_usb.o
 .debug_frame   0x0000000000002918      0x23c ./Middlewares/ST/STM32_USB_Device_Library/Class/CDC/Src/usbd_cdc.o
 .debug_frame   0x0000000000002b54      0x390 ./Middlewares/ST/STM32_USB_Device_Library/Core/Src/usbd_core.o
 .debug_frame   0x0000000000002ee4      0x23c ./Middlewares/ST/STM32_USB_Device_Library/Core/Src/usbd_ctlreq.o
 .debug_frame   0x0000000000003120      0x10c ./Middlewares/ST/STM32_USB_Device_Library/Core/Src/usbd_ioreq.o
 .debug_frame   0x000000000000322c       0x2c ./USB_DEVICE/App/usb_device.o
 .debug_frame   0x0000000000003258       0xe4 ./USB_DEVICE/App/usbd_cdc_if.o
 .debug_frame   0x000000000000333c      0x160 ./USB_DEVICE/App/usbd_desc.o
 .debug_frame   0x000000000000349c      0x47c ./USB_DEVICE/Target/usbd_conf.o
 .debug_frame   0x0000000000003918       0x2c /Applications/STM32CubeIDE.app/Contents/Eclipse/plugins/com.st.stm32cube.ide.mcu.externaltools.gnu-tools-for-stm32.10.3-2021.10.macos64_1.0.0.202111181127/tools/bin/../lib/gcc/arm-none-eabi/10.3.1/../../../../arm-none-eabi/lib/thumb/v7e-m+fp/hard/libc_nano.a(lib_a-init.o)
 .debug_frame   0x0000000000003944       0x20 /Applications/STM32CubeIDE.app/Contents/Eclipse/plugins/com.st.stm32cube.ide.mcu.externaltools.gnu-tools-for-stm32.10.3-2021.10.macos64_1.0.0.202111181127/tools/bin/../lib/gcc/arm-none-eabi/10.3.1/../../../../arm-none-eabi/lib/thumb/v7e-m+fp/hard/libc_nano.a(lib_a-memset.o)
 .debug_frame   0x0000000000003964       0x2c /Applications/STM32CubeIDE.app/Contents/Eclipse/plugins/com.st.stm32cube.ide.mcu.externaltools.gnu-tools-for-stm32.10.3-2021.10.macos64_1.0.0.202111181127/tools/bin/../lib/gcc/arm-none-eabi/10.3.1/thumb/v7e-m+fp/hard/libgcc.a(_aeabi_uldivmod.o)
 .debug_frame   0x0000000000003990       0x34 /Applications/STM32CubeIDE.app/Contents/Eclipse/plugins/com.st.stm32cube.ide.mcu.externaltools.gnu-tools-for-stm32.10.3-2021.10.macos64_1.0.0.202111181127/tools/bin/../lib/gcc/arm-none-eabi/10.3.1/thumb/v7e-m+fp/hard/libgcc.a(_udivmoddi4.o)
